 KernelFlirt

 Timestamp is 69afad2e (Tue Mar 10 13:33:34 2026)

 Preferred load address is 0000000180000000

 Start         Length     Name                   Class
 0001:00000000 000028c0H .text$mn                CODE
 0001:000028c0 00000080H .text$mn$00             CODE
 0001:00002940 000004b0H .text$mn$21             CODE
 0001:00002df0 00000116H .text$x                 CODE
 0002:00000000 000000f0H .idata$5                DATA
 0002:000000f0 00000180H .00cfg                  DATA
 0002:00000270 00000000H .gfids$y                DATA
 0002:00000270 00000410H .rdata                  DATA
 0002:00000680 00000080H .rdata$CastGuardVftablesA DATA
 0002:00000700 00000080H .rdata$CastGuardVftablesC DATA
 0002:00000780 00000018H .rdata$voltmd           DATA
 0002:00000798 00000260H .rdata$zzzdbg           DATA
 0002:000009f8 000002ecH .xdata                  DATA
 0003:00000000 00000090H .data                   DATA
 0003:00000090 00002819H .bss                    DATA
 0004:00000000 0000021cH .pdata                  DATA
 0005:00000000 0000015bH .msvcjmc                DATA
 0006:00000000 00000030H INIT                    CODE
 0006:00000030 00000014H .idata$2                CODE
 0006:00000044 00000014H .idata$3                CODE
 0006:00000058 000000e8H .idata$4                CODE
 0006:00000140 00000272H .idata$6                CODE

  Address         Publics by Value              Rva+Base               Lib:Object

 0000:00000000       __AbsoluteZero             0000000000000000     <absolute>
 0000:00000000       ___safe_se_handler_count   0000000000000000     <absolute>
 0000:00000000       ___safe_se_handler_table   0000000000000000     <absolute>
 0000:00000000       __arm64x_extra_rfe_table   0000000000000000     <absolute>
 0000:00000000       __arm64x_extra_rfe_table_size 0000000000000000     <absolute>
 0000:00000000       __arm64x_native_entrypoint 0000000000000000     <absolute>
 0000:00000000       __arm64x_redirection_metadata 0000000000000000     <absolute>
 0000:00000000       __arm64x_redirection_metadata_count 0000000000000000     <absolute>
 0000:00000000       __dynamic_value_reloc_table 0000000000000000     <absolute>
 0000:00000000       __enclave_config           0000000000000000     <absolute>
 0000:00000000       __guard_check_icall_a64n_fptr 0000000000000000     <absolute>
 0000:00000000       __guard_eh_cont_count      0000000000000000     <absolute>
 0000:00000000       __guard_eh_cont_table      0000000000000000     <absolute>
 0000:00000000       __guard_fids_count         0000000000000000     <absolute>
 0000:00000000       __guard_fids_table         0000000000000000     <absolute>
 0000:00000000       __guard_iat_count          0000000000000000     <absolute>
 0000:00000000       __guard_iat_table          0000000000000000     <absolute>
 0000:00000000       __guard_longjmp_count      0000000000000000     <absolute>
 0000:00000000       __guard_longjmp_table      0000000000000000     <absolute>
 0000:00000000       __hybrid_auxiliary_delayload_iat 0000000000000000     <absolute>
 0000:00000000       __hybrid_auxiliary_delayload_iat_copy 0000000000000000     <absolute>
 0000:00000000       __hybrid_auxiliary_iat     0000000000000000     <absolute>
 0000:00000000       __hybrid_auxiliary_iat_copy 0000000000000000     <absolute>
 0000:00000000       __hybrid_code_map          0000000000000000     <absolute>
 0000:00000000       __hybrid_code_map_count    0000000000000000     <absolute>
 0000:00000000       __hybrid_image_info_bitfield 0000000000000000     <absolute>
 0000:00000000       __x64_code_ranges_to_entry_points 0000000000000000     <absolute>
 0000:00000000       __x64_code_ranges_to_entry_points_count 0000000000000000     <absolute>
 0000:00000100       __guard_flags              0000000000000100     <absolute>
 0000:00000000       __ImageBase                0000000180000000     <linker-defined>
 0001:00000000       DriverEntry                0000000180001000 f   main.obj
 0001:000001a0       KfCreateClose              00000001800011a0 f   main.obj
 0001:000001f0       KfDeviceControl            00000001800011f0 f   main.obj
 0001:00000230       KfUnload                   0000000180001230 f   main.obj
 0001:000002b0       __CheckForDebuggerJustMyCode 00000001800012b0 f i main.obj
 0001:000002b0       __JustMyCode_Default       00000001800012b0 f i main.obj
 0001:000002c0       IoGetCurrentIrpStackLocation 00000001800012c0 f i ioctl.obj
 0001:000002f0       KfDispatchIoctl            00000001800012f0 f   ioctl.obj
 0001:00000630       KfReadMemory               0000000180001630 f   memory.obj
 0001:000007d0       KfWriteMemory              00000001800017d0 f   memory.obj
 0001:000009c0       KfRemoveBreakpoint         00000001800019c0 f   breakpoint.obj
 0001:00000d80       KfSetBreakpoint            0000000180001d80 f   breakpoint.obj
 0001:00001520       KfSingleStep               0000000180002520 f   singlestep.obj
 0001:00001670       KfReadRegisters            0000000180002670 f   registers.obj
 0001:000019b0       KfWriteRegisters           00000001800029b0 f   registers.obj
 0001:00001ca0       KfEnumModules              0000000180002ca0 f   modules.obj
 0001:00001f40       KfEnumThreads              0000000180002f40 f   threads.obj
 0001:000022c0       KfResumeThread             00000001800032c0 f   threads.obj
 0001:00002380       KfSuspendThread            0000000180003380 f   threads.obj
 0001:00002432       RtlInitUnicodeString       0000000180003432 f   ntoskrnl:ntoskrnl.exe
 0001:00002438       DbgPrint                   0000000180003438 f   ntoskrnl:ntoskrnl.exe
 0001:0000243e       IofCompleteRequest         000000018000343e f   ntoskrnl:ntoskrnl.exe
 0001:00002444       IoCreateDevice             0000000180003444 f   ntoskrnl:ntoskrnl.exe
 0001:0000244a       IoCreateSymbolicLink       000000018000344a f   ntoskrnl:ntoskrnl.exe
 0001:00002450       IoDeleteDevice             0000000180003450 f   ntoskrnl:ntoskrnl.exe
 0001:00002456       IoDeleteSymbolicLink       0000000180003456 f   ntoskrnl:ntoskrnl.exe
 0001:0000245c       IoGetCurrentProcess        000000018000345c f   ntoskrnl:ntoskrnl.exe
 0001:00002462       ObfDereferenceObject       0000000180003462 f   ntoskrnl:ntoskrnl.exe
 0001:00002468       PsLookupProcessByProcessId 0000000180003468 f   ntoskrnl:ntoskrnl.exe
 0001:0000246e       MmCopyVirtualMemory        000000018000346e f   ntoskrnl:ntoskrnl.exe
 0001:00002474       __C_specific_handler       0000000180003474 f   ntoskrnl:ntoskrnl.exe
 0001:00002480       KeInitializeSpinLock       0000000180003480 f   ntoskrnl:ntoskrnl.exe
 0001:00002486       KeAcquireSpinLockRaiseToDpc 0000000180003486 f   ntoskrnl:ntoskrnl.exe
 0001:0000248c       KeReleaseSpinLock          000000018000348c f   ntoskrnl:ntoskrnl.exe
 0001:00002492       PsLookupThreadByThreadId   0000000180003492 f   ntoskrnl:ntoskrnl.exe
 0001:00002498       PsGetContextThread         0000000180003498 f   ntoskrnl:ntoskrnl.exe
 0001:0000249e       PsSetContextThread         000000018000349e f   ntoskrnl:ntoskrnl.exe
 0001:000024a4       __GSHandlerCheck           00000001800034a4 f   ntoskrnl:gshandler.obj
 0001:000024c4       __GSHandlerCheckCommon     00000001800034c4 f   ntoskrnl:gshandler.obj
 0001:00002524       __GSHandlerCheck_SEH       0000000180003524 f   ntoskrnl:gshandlerseh.obj
 0001:000025b0       KeStackAttachProcess       00000001800035b0 f   ntoskrnl:ntoskrnl.exe
 0001:000025b6       KeUnstackDetachProcess     00000001800035b6 f   ntoskrnl:ntoskrnl.exe
 0001:000025bc       PsGetProcessPeb            00000001800035bc f   ntoskrnl:ntoskrnl.exe
 0001:000025c2       ExAllocatePoolWithTag      00000001800035c2 f   ntoskrnl:ntoskrnl.exe
 0001:000025c8       ExFreePoolWithTag          00000001800035c8 f   ntoskrnl:ntoskrnl.exe
 0001:000025ce       ZwClose                    00000001800035ce f   ntoskrnl:ntoskrnl.exe
 0001:000025d4       ZwSuspendThread            00000001800035d4 f   ntoskrnl:ntoskrnl.exe
 0001:000025da       ZwResumeThread             00000001800035da f   ntoskrnl:ntoskrnl.exe
 0001:000025e0       ZwOpenThread               00000001800035e0 f   ntoskrnl:ntoskrnl.exe
 0001:000025e6       ZwQuerySystemInformation   00000001800035e6 f   ntoskrnl:ntoskrnl.exe
 0001:000025ec       __cpu_features_init        00000001800035ec f   ntoskrnl:cpuinfo.obj
 0001:000026b0       RtlFailFast                00000001800036b0 f i BufferOverflowFastFailK:gs_support.obj
 0001:000026b8       __report_gsfailure         00000001800036b8 f   BufferOverflowFastFailK:gs_report.obj
 0001:000026c0       __report_rangecheckfailure 00000001800036c0 f   BufferOverflowFastFailK:gs_report.obj
 0001:000026c8       __report_securityfailure   00000001800036c8 f   BufferOverflowFastFailK:gs_report.obj
 0001:000026cc       ReadNoFence64              00000001800036cc f i BufferOverflowFastFailK:guard_support.obj
 0001:000026d4       ReadPointerNoFence         00000001800036d4 f i BufferOverflowFastFailK:guard_support.obj
 0001:000026dc       __castguard_check_failure_debugbreak 00000001800036dc f i BufferOverflowFastFailK:guard_support.obj
 0001:000026f8       __castguard_check_failure_fastfail 00000001800036f8 f i BufferOverflowFastFailK:guard_support.obj
 0001:0000271c       __castguard_check_failure_nop 000000018000371c f i BufferOverflowFastFailK:guard_support.obj
 0001:00002720       __castguard_check_failure_os_handled 0000000180003720 f i BufferOverflowFastFailK:guard_support.obj
 0001:000027a4       __castguard_slow_path_check_debugbreak 00000001800037a4 f i BufferOverflowFastFailK:guard_support.obj
 0001:000027dc       __castguard_slow_path_check_fastfail 00000001800037dc f i BufferOverflowFastFailK:guard_support.obj
 0001:00002818       __castguard_slow_path_check_nop 0000000180003818 f i BufferOverflowFastFailK:guard_support.obj
 0001:0000281c       __castguard_slow_path_check_os_handled 000000018000381c f i BufferOverflowFastFailK:guard_support.obj
 0001:00002890       _guard_icall_checks_enforced 0000000180003890 f i BufferOverflowFastFailK:guard_support.obj
 0001:000028a8       _guard_rf_checks_enforced  00000001800038a8 f i BufferOverflowFastFailK:guard_support.obj
 0001:000028b0       _guard_check_icall_nop     00000001800038b0 f i BufferOverflowFastFailK:guard_check.obj
 0001:000028d0       __security_check_cookie    00000001800038d0 f   BufferOverflowFastFailK:amdsecgs.obj
 0001:00002900       _guard_dispatch_icall_nop  0000000180003900 f   BufferOverflowFastFailK:guard_dispatch.obj
 0001:00002920       _guard_xfg_dispatch_icall_nop 0000000180003920 f   BufferOverflowFastFailK:guard_xfg_dispatch.obj
 0001:00002940       memset                     0000000180003940 f   ntoskrnl:memset.obj
 0001:00002940       memset_$fo_default$        0000000180003940     ntoskrnl:memset.obj
 0001:00002a80       __memset_repmovs           0000000180003a80 f   ntoskrnl:memset.obj
 0001:00002b00       __memset_query             0000000180003b00 f   ntoskrnl:memset.obj
 0001:00002b40       memcpy                     0000000180003b40 f   ntoskrnl:memcpy.obj
 0001:00002b40       memmove                    0000000180003b40 f   ntoskrnl:memcpy.obj
 0002:00000000       __imp_RtlInitUnicodeString 0000000180004000     ntoskrnl:ntoskrnl.exe
 0002:00000008       __imp_DbgPrint             0000000180004008     ntoskrnl:ntoskrnl.exe
 0002:00000010       __imp_IofCompleteRequest   0000000180004010     ntoskrnl:ntoskrnl.exe
 0002:00000018       __imp_IoCreateDevice       0000000180004018     ntoskrnl:ntoskrnl.exe
 0002:00000020       __imp_IoCreateSymbolicLink 0000000180004020     ntoskrnl:ntoskrnl.exe
 0002:00000028       __imp_IoDeleteDevice       0000000180004028     ntoskrnl:ntoskrnl.exe
 0002:00000030       __imp_IoDeleteSymbolicLink 0000000180004030     ntoskrnl:ntoskrnl.exe
 0002:00000038       __imp_IoGetCurrentProcess  0000000180004038     ntoskrnl:ntoskrnl.exe
 0002:00000040       __imp_ObfDereferenceObject 0000000180004040     ntoskrnl:ntoskrnl.exe
 0002:00000048       __imp_PsLookupProcessByProcessId 0000000180004048     ntoskrnl:ntoskrnl.exe
 0002:00000050       __imp_MmCopyVirtualMemory  0000000180004050     ntoskrnl:ntoskrnl.exe
 0002:00000058       __imp___C_specific_handler 0000000180004058     ntoskrnl:ntoskrnl.exe
 0002:00000060       __imp_KeInitializeSpinLock 0000000180004060     ntoskrnl:ntoskrnl.exe
 0002:00000068       __imp_KeAcquireSpinLockRaiseToDpc 0000000180004068     ntoskrnl:ntoskrnl.exe
 0002:00000070       __imp_KeReleaseSpinLock    0000000180004070     ntoskrnl:ntoskrnl.exe
 0002:00000078       __imp_PsLookupThreadByThreadId 0000000180004078     ntoskrnl:ntoskrnl.exe
 0002:00000080       __imp_PsGetContextThread   0000000180004080     ntoskrnl:ntoskrnl.exe
 0002:00000088       __imp_PsSetContextThread   0000000180004088     ntoskrnl:ntoskrnl.exe
 0002:00000090       __imp_KeStackAttachProcess 0000000180004090     ntoskrnl:ntoskrnl.exe
 0002:00000098       __imp_KeUnstackDetachProcess 0000000180004098     ntoskrnl:ntoskrnl.exe
 0002:000000a0       __imp_PsGetProcessPeb      00000001800040a0     ntoskrnl:ntoskrnl.exe
 0002:000000a8       __imp_ExAllocatePoolWithTag 00000001800040a8     ntoskrnl:ntoskrnl.exe
 0002:000000b0       __imp_ExFreePoolWithTag    00000001800040b0     ntoskrnl:ntoskrnl.exe
 0002:000000b8       __imp_ZwClose              00000001800040b8     ntoskrnl:ntoskrnl.exe
 0002:000000c0       __imp_ZwSuspendThread      00000001800040c0     ntoskrnl:ntoskrnl.exe
 0002:000000c8       __imp_ZwResumeThread       00000001800040c8     ntoskrnl:ntoskrnl.exe
 0002:000000d0       __imp_ZwOpenThread         00000001800040d0     ntoskrnl:ntoskrnl.exe
 0002:000000d8       __imp_ZwQuerySystemInformation 00000001800040d8     ntoskrnl:ntoskrnl.exe
 0002:000000e0       \177ntoskrnl_NULL_THUNK_DATA 00000001800040e0     ntoskrnl:ntoskrnl.exe
 0002:000000f0       __uma_functions            00000001800040f0     BufferOverflowFastFailK:loadcfg.obj
 0002:00000240       __guard_check_icall_fptr   0000000180004240     BufferOverflowFastFailK:guard_support.obj
 0002:00000248       __guard_dispatch_icall_fptr 0000000180004248     BufferOverflowFastFailK:guard_support.obj
 0002:00000250       __guard_xfg_check_icall_fptr 0000000180004250     BufferOverflowFastFailK:guard_support.obj
 0002:00000258       __guard_xfg_dispatch_icall_fptr 0000000180004258     BufferOverflowFastFailK:guard_support.obj
 0002:00000260       __guard_xfg_table_dispatch_icall_fptr 0000000180004260     BufferOverflowFastFailK:guard_support.obj
 0002:00000268       __castguard_check_failure_os_handled_fptr 0000000180004268     BufferOverflowFastFailK:guard_support.obj
 0002:00000270       ??_C@_0CP@GBGHIGJJ@?$FLKernelFlirt?$FN?5DriverEntry?3?5load@ 0000000180004270     main.obj
 0002:000002a0       ??_C@_1CI@GEGILAP@?$AA?2?$AAD?$AAe?$AAv?$AAi?$AAc?$AAe?$AA?2?$AAK?$AAe?$AAr?$AAn?$AAe?$AAl?$AAF@ 00000001800042a0     main.obj
 0002:000002c8       ??_C@_0CN@GDJDEPEP@?$FLKernelFlirt?$FN?5IoCreateDevice?5fa@ 00000001800042c8     main.obj
 0002:000002f8       ??_C@_1DA@FNPECEIF@?$AA?2?$AAD?$AAo?$AAs?$AAD?$AAe?$AAv?$AAi?$AAc?$AAe?$AAs?$AA?2?$AAK?$AAe?$AAr@ 00000001800042f8     main.obj
 0002:00000328       ??_C@_0DD@MGICPOJJ@?$FLKernelFlirt?$FN?5IoCreateSymbolicL@ 0000000180004328     main.obj
 0002:00000360       ??_C@_0CK@KOOPDGE@?$FLKernelFlirt?$FN?5Driver?5loaded?5suc@ 0000000180004360     main.obj
 0002:00000390       ??_C@_0CA@DMGKCEPJ@?$FLKernelFlirt?$FN?5Unloading?5driver?6@ 0000000180004390     main.obj
 0002:000003b0       ??_C@_0BP@PLJPJMDF@?$FLKernelFlirt?$FN?5Driver?5unloaded?6@ 00000001800043b0     main.obj
 0002:000003d0       ??_C@_0CF@EBHKIIL@?$FLKernelFlirt?$FN?5Unknown?5IOCTL?3?50x@ 00000001800043d0     ioctl.obj
 0002:000003f8       ??_C@_0DN@MLBBDGIG@?$FLKernelFlirt?$FN?5PsLookupProcessBy@ 00000001800043f8     memory.obj
 0002:00000438       RtlNtPathSeperatorString   0000000180004438     BufferOverflowFastFailK:loadcfg.obj
 0002:00000448       ??_C@_13FPGAJAPJ@?$AA?2@   0000000180004448     BufferOverflowFastFailK:loadcfg.obj
 0002:00000450       RtlDosPathSeperatorsString 0000000180004450     BufferOverflowFastFailK:loadcfg.obj
 0002:00000460       ??_C@_15MNCACJLI@?$AA?2?$AA?1@ 0000000180004460     BufferOverflowFastFailK:loadcfg.obj
 0002:00000468       RtlAlternateDosPathSeperatorString 0000000180004468     BufferOverflowFastFailK:loadcfg.obj
 0002:00000478       ??_C@_13CGOKJPIL@?$AA?1@   0000000180004478     BufferOverflowFastFailK:loadcfg.obj
 0002:00000480       _load_config_used          0000000180004480     BufferOverflowFastFailK:loadcfg.obj
 0002:00000680       __CastGuardVftablesStart   0000000180004680     BufferOverflowFastFailK:guard_support.obj
 0002:00000700       __CastGuardVftablesEnd     0000000180004700     BufferOverflowFastFailK:guard_support.obj
 0002:00000780       __volatile_metadata        0000000180004780     <linker-defined>
 0003:00000040       __isa_info                 0000000180005040     ntoskrnl:cpuinfo.obj
 0003:00000080       __security_cookie          0000000180005080     BufferOverflowFastFailK:gs_support.obj
 0003:00000088       __security_cookie_complement 0000000180005088     BufferOverflowFastFailK:gs_support.obj
 0003:00000090       ExPoolZeroingNativelySupported 0000000180005090     main.obj
 0003:00000098       g_DeviceObject             0000000180005098     main.obj
 0006:00000000       __security_init_cookie     000000018000a000 f   BufferOverflowFastFailK:gs_support.obj
 0006:00000030       __IMPORT_DESCRIPTOR_ntoskrnl 000000018000a030     ntoskrnl:ntoskrnl.exe
 0006:00000044       __NULL_IMPORT_DESCRIPTOR   000000018000a044     ntoskrnl:ntoskrnl.exe

 entry point at        0001:00000000

 Static symbols

 0002:ffffc000       __guard_fids__             0000000180000000     BufferOverflowFastFailK:guard_support.obj
 0002:ffffc000       __guard_fids__             0000000180000000     BufferOverflowFastFailK:guard_support.obj
 0002:ffffc000       __guard_fids__guard_icall_checks_enforced 0000000180000000     BufferOverflowFastFailK:guard_support.obj
 0000:ffff4000       .debug$S                   0000000180000000     ntoskrnl:ntoskrnl.exe
 0000:ffff4000       .debug$S                   0000000180000000     ntoskrnl:ntoskrnl.exe
 0000:ffff4000       .debug$S                   0000000180000000     ntoskrnl:ntoskrnl.exe
 0000:ffff4000       .debug$S                   0000000180000000     ntoskrnl:ntoskrnl.exe
 0000:ffff4000       .debug$S                   0000000180000000     ntoskrnl:ntoskrnl.exe
 0000:ffff4000       .debug$S                   0000000180000000     ntoskrnl:ntoskrnl.exe
 0000:ffff4000       .debug$S                   0000000180000000     ntoskrnl:ntoskrnl.exe
 0000:ffff4000       .debug$S                   0000000180000000     ntoskrnl:ntoskrnl.exe
 0000:ffff4000       .debug$S                   0000000180000000     ntoskrnl:ntoskrnl.exe
 0000:ffff4000       .debug$S                   0000000180000000     ntoskrnl:ntoskrnl.exe
 0000:ffff4000       .debug$S                   0000000180000000     ntoskrnl:ntoskrnl.exe
 0000:ffff4000       .debug$S                   0000000180000000     ntoskrnl:ntoskrnl.exe
 0000:ffff4000       .debug$S                   0000000180000000     ntoskrnl:ntoskrnl.exe
 0000:ffff4000       .debug$S                   0000000180000000     ntoskrnl:ntoskrnl.exe
 0000:ffff4000       .debug$S                   0000000180000000     ntoskrnl:ntoskrnl.exe
 0000:ffff4000       .debug$S                   0000000180000000     ntoskrnl:ntoskrnl.exe
 0000:ffff4000       .debug$S                   0000000180000000     ntoskrnl:ntoskrnl.exe
 0000:ffff4000       .debug$S                   0000000180000000     ntoskrnl:ntoskrnl.exe
 0000:ffff4000       .debug$S                   0000000180000000     ntoskrnl:ntoskrnl.exe
 0000:ffff4000       .debug$S                   0000000180000000     ntoskrnl:ntoskrnl.exe
 0000:ffff4000       .debug$S                   0000000180000000     ntoskrnl:ntoskrnl.exe
 0000:ffff4000       .debug$S                   0000000180000000     ntoskrnl:ntoskrnl.exe
 0000:ffff4000       .debug$S                   0000000180000000     ntoskrnl:ntoskrnl.exe
 0000:ffff4000       .debug$S                   0000000180000000     ntoskrnl:ntoskrnl.exe
 0000:ffff4000       .debug$S                   0000000180000000     ntoskrnl:ntoskrnl.exe
 0000:ffff4000       .debug$S                   0000000180000000     ntoskrnl:ntoskrnl.exe
 0000:ffff4000       .debug$S                   0000000180000000     ntoskrnl:ntoskrnl.exe
 0000:ffff4000       .debug$S                   0000000180000000     ntoskrnl:ntoskrnl.exe
 0001:00000530       $LN21                      0000000180001530     ioctl.obj
 0001:00000560       $LN20                      0000000180001560     ioctl.obj
 0001:00000960       KfBpInit                   0000000180001960 f   breakpoint.obj
 0001:00000e80       KfSetHwBreakpoint          0000000180001e80 f   breakpoint.obj
 0001:00001290       KfSetSwBreakpoint          0000000180002290 f   breakpoint.obj
 0001:00002230       KfOpenThread               0000000180003230 f   threads.obj
 0001:00002760       __castguard_check_failure_os_handled_wrapper 0000000180003760 f   BufferOverflowFastFailK:guard_support.obj
 0001:00002784       __castguard_compat_check   0000000180003784 f   BufferOverflowFastFailK:guard_support.obj
 0001:00002874       __castguard_slow_path_compat_check 0000000180003874 f   BufferOverflowFastFailK:guard_support.obj
 0001:000028c0       $$000000                   00000001800038c0     BufferOverflowFastFailK:amdsecgs.obj
 0001:00002900       $$000000                   0000000180003900     BufferOverflowFastFailK:guard_dispatch.obj
 0001:00002920       $$000000                   0000000180003920     BufferOverflowFastFailK:guard_xfg_dispatch.obj
 0001:00002940       $$000000                   0000000180003940     ntoskrnl:memset.obj
 0001:00002962       mset10                     0000000180003962     ntoskrnl:memset.obj
 0001:00002978       mset20                     0000000180003978     ntoskrnl:memset.obj
 0001:000029a1       mset30                     00000001800039a1     ntoskrnl:memset.obj
 0001:000029d0       mset45                     00000001800039d0     ntoskrnl:memset.obj
 0001:000029d6       mset46                     00000001800039d6     ntoskrnl:memset.obj
 0001:00002a00       mset47                     0000000180003a00     ntoskrnl:memset.obj
 0001:00002a30       mset48                     0000000180003a30     ntoskrnl:memset.obj
 0001:00002a46       mset50                     0000000180003a46     ntoskrnl:memset.obj
 0001:00002a80       $$000000                   0000000180003a80     ntoskrnl:memset.obj
 0001:00002a8a       repmovs10                  0000000180003a8a     ntoskrnl:memset.obj
 0001:00002abc       repmovs20                  0000000180003abc     ntoskrnl:memset.obj
 0001:00002b00       $$000000                   0000000180003b00     ntoskrnl:memset.obj
 0001:00002b40       $$000000                   0000000180003b40     ntoskrnl:memcpy.obj
 0001:00002b60       mcpy00                     0000000180003b60     ntoskrnl:memcpy.obj
 0001:00002b80       mcpy10                     0000000180003b80     ntoskrnl:memcpy.obj
 0001:00002b9a       mcpy20                     0000000180003b9a     ntoskrnl:memcpy.obj
 0001:00002ba0       mcpy30                     0000000180003ba0     ntoskrnl:memcpy.obj
 0001:00002bc0       xcpy00                     0000000180003bc0     ntoskrnl:memcpy.obj
 0001:00002bf1       xcpy10                     0000000180003bf1     ntoskrnl:memcpy.obj
 0001:00002c40       xcpy13                     0000000180003c40     ntoskrnl:memcpy.obj
 0001:00002c6f       xcpy15                     0000000180003c6f     ntoskrnl:memcpy.obj
 0001:00002c91       xcpy20                     0000000180003c91     ntoskrnl:memcpy.obj
 0001:00002ca5       xcpy30                     0000000180003ca5     ntoskrnl:memcpy.obj
 0001:00002cc0       lcpy00                     0000000180003cc0     ntoskrnl:memcpy.obj
 0001:00002d00       lcpy10                     0000000180003d00     ntoskrnl:memcpy.obj
 0001:00002d40       xmov00                     0000000180003d40     ntoskrnl:memcpy.obj
 0001:00002d6d       xmov10                     0000000180003d6d     ntoskrnl:memcpy.obj
 0001:00002d80       xmov13                     0000000180003d80     ntoskrnl:memcpy.obj
 0001:00002daf       xmov15                     0000000180003daf     ntoskrnl:memcpy.obj
 0001:00002dd1       xmov20                     0000000180003dd1     ntoskrnl:memcpy.obj
 0001:00002de6       xmov30                     0000000180003de6     ntoskrnl:memcpy.obj
 0001:00002df0       KfReadMemory$filt$0        0000000180003df0 f   memory.obj
 0001:00002e10       KfWriteMemory$filt$0       0000000180003e10 f   memory.obj
 0001:00002e30       KfRemoveBreakpoint$filt$0  0000000180003e30 f   breakpoint.obj
 0001:00002e50       KfSetSwBreakpoint$filt$0   0000000180003e50 f   breakpoint.obj
 0001:00002e66       KfSetSwBreakpoint$filt$1   0000000180003e66 f   breakpoint.obj
 0001:00002e80       KfSingleStep$filt$0        0000000180003e80 f   singlestep.obj
 0001:00002e96       KfSingleStep$filt$1        0000000180003e96 f   singlestep.obj
 0001:00002eb0       KfReadRegisters$filt$0     0000000180003eb0 f   registers.obj
 0001:00002ed0       KfWriteRegisters$filt$0    0000000180003ed0 f   registers.obj
 0001:00002ef0       KfEnumModules$filt$0       0000000180003ef0 f   modules.obj
 0002:000009f8       $unwind$DriverEntry        00000001800049f8     main.obj
 0002:00000a04       $unwind$KfUnload           0000000180004a04     main.obj
 0002:00000a10       $unwind$KfCreateClose      0000000180004a10     main.obj
 0002:00000a1c       $unwind$KfDeviceControl    0000000180004a1c     main.obj
 0002:00000a28       $unwind$IoGetCurrentIrpStackLocation 0000000180004a28     ioctl.obj
 0002:00000a34       $unwind$KfDispatchIoctl    0000000180004a34     ioctl.obj
 0002:00000a40       $unwind$KfReadMemory       0000000180004a40     memory.obj
 0002:00000a64       $unwind$KfReadMemory$filt$0 0000000180004a64     memory.obj
 0002:00000a6c       $unwind$KfWriteMemory      0000000180004a6c     memory.obj
 0002:00000a90       $unwind$KfWriteMemory$filt$0 0000000180004a90     memory.obj
 0002:00000a98       $unwind$KfBpInit           0000000180004a98     breakpoint.obj
 0002:00000aa4       $unwind$KfSetSwBreakpoint  0000000180004aa4     breakpoint.obj
 0002:00000ad8       $unwind$KfSetSwBreakpoint$filt$0 0000000180004ad8     breakpoint.obj
 0002:00000ae0       $unwind$KfSetSwBreakpoint$filt$1 0000000180004ae0     breakpoint.obj
 0002:00000ae8       $unwind$KfSetHwBreakpoint  0000000180004ae8     breakpoint.obj
 0002:00000afc       $unwind$KfSetBreakpoint    0000000180004afc     breakpoint.obj
 0002:00000b08       $unwind$KfRemoveBreakpoint 0000000180004b08     breakpoint.obj
 0002:00000b30       $unwind$KfRemoveBreakpoint$filt$0 0000000180004b30     breakpoint.obj
 0002:00000b38       $unwind$KfSingleStep       0000000180004b38     singlestep.obj
 0002:00000b70       $unwind$KfSingleStep$filt$0 0000000180004b70     singlestep.obj
 0002:00000b78       $unwind$KfSingleStep$filt$1 0000000180004b78     singlestep.obj
 0002:00000b80       $unwind$KfReadRegisters    0000000180004b80     registers.obj
 0002:00000ba8       $unwind$KfReadRegisters$filt$0 0000000180004ba8     registers.obj
 0002:00000bb0       $unwind$KfWriteRegisters   0000000180004bb0     registers.obj
 0002:00000bd8       $unwind$KfWriteRegisters$filt$0 0000000180004bd8     registers.obj
 0002:00000be0       $unwind$KfEnumModules      0000000180004be0     modules.obj
 0002:00000c08       $unwind$KfEnumModules$filt$0 0000000180004c08     modules.obj
 0002:00000c10       $unwind$KfEnumThreads      0000000180004c10     threads.obj
 0002:00000c1c       $unwind$KfOpenThread       0000000180004c1c     threads.obj
 0002:00000c28       $unwind$KfSuspendThread    0000000180004c28     threads.obj
 0002:00000c34       $unwind$KfResumeThread     0000000180004c34     threads.obj
 0002:00000c40       $xdatasym$memset           0000000180004c40     ntoskrnl:memset.obj
 0002:00000c48       $xdatasym$__memset_repmovs 0000000180004c48     ntoskrnl:memset.obj
 0002:00000c58       $xdatasym$__memset_query   0000000180004c58     ntoskrnl:memset.obj
 0002:00000c6c       $unwind$__GSHandlerCheckCommon 0000000180004c6c     ntoskrnl:gshandler.obj
 0002:00000c78       $unwind$__GSHandlerCheck   0000000180004c78     ntoskrnl:gshandler.obj
 0002:00000c84       $unwind$__GSHandlerCheck_SEH 0000000180004c84     ntoskrnl:gshandlerseh.obj
 0002:00000ca0       $xdatasym$memcpy           0000000180004ca0     ntoskrnl:memcpy.obj
 0002:00000ca4       $unwind$__cpu_features_init 0000000180004ca4     ntoskrnl:cpuinfo.obj
 0002:00000cb0       $xdatasym                  0000000180004cb0     BufferOverflowFastFailK:amdsecgs.obj
 0002:00000cb4       $unwind$__castguard_check_failure_os_handled_wrapper 0000000180004cb4     BufferOverflowFastFailK:guard_support.obj
 0002:00000cc0       $unwind$__castguard_check_failure_os_handled 0000000180004cc0     BufferOverflowFastFailK:guard_support.obj
 0002:00000ccc       $unwind$__castguard_slow_path_check_os_handled 0000000180004ccc     BufferOverflowFastFailK:guard_support.obj
 0002:00000cd8       $xdatasym$_guard_dispatch_icall_nop 0000000180004cd8     BufferOverflowFastFailK:guard_dispatch.obj
 0002:00000ce0       $xdatasym$_guard_xfg_dispatch_icall_nop 0000000180004ce0     BufferOverflowFastFailK:guard_xfg_dispatch.obj
 0003:00000000       g_NextHandle               0000000180005000     breakpoint.obj
 0003:000000a0       g_Breakpoints              00000001800050a0     breakpoint.obj
 0003:000028a0       g_BpLock                   00000001800078a0     breakpoint.obj
 0003:000028a8       g_BpInitialized            00000001800078a8     breakpoint.obj
 0005:00000000       __26BD5384_concurrencysal@h 0000000180009000     main.obj
 0005:00000001       __0657E2AF_sal@h           0000000180009001     main.obj
 0005:00000002       __CAE69F4E_vadefs@h        0000000180009002     main.obj
 0005:00000003       __97B5484C_vcruntime@h     0000000180009003     main.obj
 0005:00000004       __745DDA86_excpt@h         0000000180009004     main.obj
 0005:00000005       __735960E1_corecrt@h       0000000180009005     main.obj
 0005:00000006       __108B2620_corecrt_wctype@h 0000000180009006     main.obj
 0005:00000007       __6CD6613D_ctype@h         0000000180009007     main.obj
 0005:00000008       __4C2AD0C7_winpackagefamily@h 0000000180009008     main.obj
 0005:00000009       __9DED9ED1_winapifamily@h  0000000180009009     main.obj
 0005:0000000a       __6B04FCB3_specstrings_undef@h 000000018000900a     main.obj
 0005:0000000b       __F4027AF7_specstrings_strict@h 000000018000900b     main.obj
 0005:0000000c       __B90340D4_sdv_driverspecs@h 000000018000900c     main.obj
 0005:0000000d       __BFFF5AD3_driverspecs@h   000000018000900d     main.obj
 0005:0000000e       __32847078_specstrings@h   000000018000900e     main.obj
 0005:0000000f       __30902A1F_kernelspecs@h   000000018000900f     main.obj
 0005:00000010       __376FD5CA_basetsd@h       0000000180009010     main.obj
 0005:00000011       __13DE2371_errno@h         0000000180009011     main.obj
 0005:00000012       __4AF9C383_vcruntime_string@h 0000000180009012     main.obj
 0005:00000013       __8ACB2152_corecrt_memcpy_s@h 0000000180009013     main.obj
 0005:00000014       __EA6C9D17_corecrt_memory@h 0000000180009014     main.obj
 0005:00000015       __0DF2AF52_corecrt_wstring@h 0000000180009015     main.obj
 0005:00000016       __6E889ECC_string@h        0000000180009016     main.obj
 0005:00000017       __9BEDF4DE_guiddef@h       0000000180009017     main.obj
 0005:00000018       __12FEDF4E_sdkddkver@h     0000000180009018     main.obj
 0005:00000019       __0C1C12B2_ntdef@h         0000000180009019     main.obj
 0005:0000001a       __CEF4F779_ntstatus@h      000000018000901a     main.obj
 0005:0000001b       __93C83F48_bugcodes@h      000000018000901b     main.obj
 0005:0000001c       __0BCE9B87_ntiologc@h      000000018000901c     main.obj
 0005:0000001d       __784756CB_mce@h           000000018000901d     main.obj
 0005:0000001e       __51BFD2FE_pshpack4@h      000000018000901e     main.obj
 0005:0000001f       __31652CEA_poppack@h       000000018000901f     main.obj
 0005:00000020       __57741015_pshpack1@h      0000000180009020     main.obj
 0005:00000021       __5B2DDA8B_dpfilter@h      0000000180009021     main.obj
 0005:00000022       __CDE68C90_apiset@h        0000000180009022     main.obj
 0005:00000023       __0BF06E8D_ktmtypes@h      0000000180009023     main.obj
 0005:00000024       __81F9517C_evntprov@h      0000000180009024     main.obj
 0005:00000025       __F8AB347B_devpropdef@h    0000000180009025     main.obj
 0005:00000026       __C1D3B0E9_wdm@h           0000000180009026     main.obj
 0005:00000027       __06DC654B_ntddk@h         0000000180009027     main.obj
 0005:00000028       __60B45B40_corecrt_stdio_config@h 0000000180009028     main.obj
 0005:00000029       __CFA3741E_corecrt_wstdio@h 0000000180009029     main.obj
 0005:0000002a       __B3FE3303_stdio@h         000000018000902a     main.obj
 0005:0000002b       __86344FE7_stdarg@h        000000018000902b     main.obj
 0005:0000002c       __25840655_ntstrsafe@h     000000018000902c     main.obj
 0005:0000002d       __2C4FD277_kf_shared@h     000000018000902d     main.obj
 0005:0000002e       __3A5D0FED_main@c          000000018000902e     main.obj
 0005:0000002f       __26BD5384_concurrencysal@h 000000018000902f     ioctl.obj
 0005:00000030       __0657E2AF_sal@h           0000000180009030     ioctl.obj
 0005:00000031       __CAE69F4E_vadefs@h        0000000180009031     ioctl.obj
 0005:00000032       __97B5484C_vcruntime@h     0000000180009032     ioctl.obj
 0005:00000033       __745DDA86_excpt@h         0000000180009033     ioctl.obj
 0005:00000034       __735960E1_corecrt@h       0000000180009034     ioctl.obj
 0005:00000035       __108B2620_corecrt_wctype@h 0000000180009035     ioctl.obj
 0005:00000036       __6CD6613D_ctype@h         0000000180009036     ioctl.obj
 0005:00000037       __4C2AD0C7_winpackagefamily@h 0000000180009037     ioctl.obj
 0005:00000038       __9DED9ED1_winapifamily@h  0000000180009038     ioctl.obj
 0005:00000039       __6B04FCB3_specstrings_undef@h 0000000180009039     ioctl.obj
 0005:0000003a       __F4027AF7_specstrings_strict@h 000000018000903a     ioctl.obj
 0005:0000003b       __B90340D4_sdv_driverspecs@h 000000018000903b     ioctl.obj
 0005:0000003c       __BFFF5AD3_driverspecs@h   000000018000903c     ioctl.obj
 0005:0000003d       __32847078_specstrings@h   000000018000903d     ioctl.obj
 0005:0000003e       __30902A1F_kernelspecs@h   000000018000903e     ioctl.obj
 0005:0000003f       __376FD5CA_basetsd@h       000000018000903f     ioctl.obj
 0005:00000040       __13DE2371_errno@h         0000000180009040     ioctl.obj
 0005:00000041       __4AF9C383_vcruntime_string@h 0000000180009041     ioctl.obj
 0005:00000042       __8ACB2152_corecrt_memcpy_s@h 0000000180009042     ioctl.obj
 0005:00000043       __EA6C9D17_corecrt_memory@h 0000000180009043     ioctl.obj
 0005:00000044       __0DF2AF52_corecrt_wstring@h 0000000180009044     ioctl.obj
 0005:00000045       __6E889ECC_string@h        0000000180009045     ioctl.obj
 0005:00000046       __9BEDF4DE_guiddef@h       0000000180009046     ioctl.obj
 0005:00000047       __12FEDF4E_sdkddkver@h     0000000180009047     ioctl.obj
 0005:00000048       __0C1C12B2_ntdef@h         0000000180009048     ioctl.obj
 0005:00000049       __CEF4F779_ntstatus@h      0000000180009049     ioctl.obj
 0005:0000004a       __93C83F48_bugcodes@h      000000018000904a     ioctl.obj
 0005:0000004b       __0BCE9B87_ntiologc@h      000000018000904b     ioctl.obj
 0005:0000004c       __784756CB_mce@h           000000018000904c     ioctl.obj
 0005:0000004d       __51BFD2FE_pshpack4@h      000000018000904d     ioctl.obj
 0005:0000004e       __31652CEA_poppack@h       000000018000904e     ioctl.obj
 0005:0000004f       __57741015_pshpack1@h      000000018000904f     ioctl.obj
 0005:00000050       __5B2DDA8B_dpfilter@h      0000000180009050     ioctl.obj
 0005:00000051       __CDE68C90_apiset@h        0000000180009051     ioctl.obj
 0005:00000052       __0BF06E8D_ktmtypes@h      0000000180009052     ioctl.obj
 0005:00000053       __81F9517C_evntprov@h      0000000180009053     ioctl.obj
 0005:00000054       __F8AB347B_devpropdef@h    0000000180009054     ioctl.obj
 0005:00000055       __C1D3B0E9_wdm@h           0000000180009055     ioctl.obj
 0005:00000056       __06DC654B_ntddk@h         0000000180009056     ioctl.obj
 0005:00000057       __2C4FD277_kf_shared@h     0000000180009057     ioctl.obj
 0005:00000058       __87A271F7_ioctl@c         0000000180009058     ioctl.obj
 0005:00000059       __26BD5384_concurrencysal@h 0000000180009059     memory.obj
 0005:0000005a       __0657E2AF_sal@h           000000018000905a     memory.obj
 0005:0000005b       __CAE69F4E_vadefs@h        000000018000905b     memory.obj
 0005:0000005c       __97B5484C_vcruntime@h     000000018000905c     memory.obj
 0005:0000005d       __745DDA86_excpt@h         000000018000905d     memory.obj
 0005:0000005e       __735960E1_corecrt@h       000000018000905e     memory.obj
 0005:0000005f       __108B2620_corecrt_wctype@h 000000018000905f     memory.obj
 0005:00000060       __6CD6613D_ctype@h         0000000180009060     memory.obj
 0005:00000061       __4C2AD0C7_winpackagefamily@h 0000000180009061     memory.obj
 0005:00000062       __9DED9ED1_winapifamily@h  0000000180009062     memory.obj
 0005:00000063       __6B04FCB3_specstrings_undef@h 0000000180009063     memory.obj
 0005:00000064       __F4027AF7_specstrings_strict@h 0000000180009064     memory.obj
 0005:00000065       __B90340D4_sdv_driverspecs@h 0000000180009065     memory.obj
 0005:00000066       __BFFF5AD3_driverspecs@h   0000000180009066     memory.obj
 0005:00000067       __32847078_specstrings@h   0000000180009067     memory.obj
 0005:00000068       __30902A1F_kernelspecs@h   0000000180009068     memory.obj
 0005:00000069       __376FD5CA_basetsd@h       0000000180009069     memory.obj
 0005:0000006a       __13DE2371_errno@h         000000018000906a     memory.obj
 0005:0000006b       __4AF9C383_vcruntime_string@h 000000018000906b     memory.obj
 0005:0000006c       __8ACB2152_corecrt_memcpy_s@h 000000018000906c     memory.obj
 0005:0000006d       __EA6C9D17_corecrt_memory@h 000000018000906d     memory.obj
 0005:0000006e       __0DF2AF52_corecrt_wstring@h 000000018000906e     memory.obj
 0005:0000006f       __6E889ECC_string@h        000000018000906f     memory.obj
 0005:00000070       __9BEDF4DE_guiddef@h       0000000180009070     memory.obj
 0005:00000071       __12FEDF4E_sdkddkver@h     0000000180009071     memory.obj
 0005:00000072       __0C1C12B2_ntdef@h         0000000180009072     memory.obj
 0005:00000073       __CEF4F779_ntstatus@h      0000000180009073     memory.obj
 0005:00000074       __93C83F48_bugcodes@h      0000000180009074     memory.obj
 0005:00000075       __0BCE9B87_ntiologc@h      0000000180009075     memory.obj
 0005:00000076       __784756CB_mce@h           0000000180009076     memory.obj
 0005:00000077       __51BFD2FE_pshpack4@h      0000000180009077     memory.obj
 0005:00000078       __31652CEA_poppack@h       0000000180009078     memory.obj
 0005:00000079       __57741015_pshpack1@h      0000000180009079     memory.obj
 0005:0000007a       __5B2DDA8B_dpfilter@h      000000018000907a     memory.obj
 0005:0000007b       __CDE68C90_apiset@h        000000018000907b     memory.obj
 0005:0000007c       __0BF06E8D_ktmtypes@h      000000018000907c     memory.obj
 0005:0000007d       __81F9517C_evntprov@h      000000018000907d     memory.obj
 0005:0000007e       __F8AB347B_devpropdef@h    000000018000907e     memory.obj
 0005:0000007f       __C1D3B0E9_wdm@h           000000018000907f     memory.obj
 0005:00000080       __06DC654B_ntddk@h         0000000180009080     memory.obj
 0005:00000081       __C4BAED10_ntundoc@h       0000000180009081     memory.obj
 0005:00000082       __2C4FD277_kf_shared@h     0000000180009082     memory.obj
 0005:00000083       __66074AAA_memory@c        0000000180009083     memory.obj
 0005:00000084       __26BD5384_concurrencysal@h 0000000180009084     breakpoint.obj
 0005:00000085       __0657E2AF_sal@h           0000000180009085     breakpoint.obj
 0005:00000086       __CAE69F4E_vadefs@h        0000000180009086     breakpoint.obj
 0005:00000087       __97B5484C_vcruntime@h     0000000180009087     breakpoint.obj
 0005:00000088       __745DDA86_excpt@h         0000000180009088     breakpoint.obj
 0005:00000089       __735960E1_corecrt@h       0000000180009089     breakpoint.obj
 0005:0000008a       __108B2620_corecrt_wctype@h 000000018000908a     breakpoint.obj
 0005:0000008b       __6CD6613D_ctype@h         000000018000908b     breakpoint.obj
 0005:0000008c       __4C2AD0C7_winpackagefamily@h 000000018000908c     breakpoint.obj
 0005:0000008d       __9DED9ED1_winapifamily@h  000000018000908d     breakpoint.obj
 0005:0000008e       __6B04FCB3_specstrings_undef@h 000000018000908e     breakpoint.obj
 0005:0000008f       __F4027AF7_specstrings_strict@h 000000018000908f     breakpoint.obj
 0005:00000090       __B90340D4_sdv_driverspecs@h 0000000180009090     breakpoint.obj
 0005:00000091       __BFFF5AD3_driverspecs@h   0000000180009091     breakpoint.obj
 0005:00000092       __32847078_specstrings@h   0000000180009092     breakpoint.obj
 0005:00000093       __30902A1F_kernelspecs@h   0000000180009093     breakpoint.obj
 0005:00000094       __376FD5CA_basetsd@h       0000000180009094     breakpoint.obj
 0005:00000095       __13DE2371_errno@h         0000000180009095     breakpoint.obj
 0005:00000096       __4AF9C383_vcruntime_string@h 0000000180009096     breakpoint.obj
 0005:00000097       __8ACB2152_corecrt_memcpy_s@h 0000000180009097     breakpoint.obj
 0005:00000098       __EA6C9D17_corecrt_memory@h 0000000180009098     breakpoint.obj
 0005:00000099       __0DF2AF52_corecrt_wstring@h 0000000180009099     breakpoint.obj
 0005:0000009a       __6E889ECC_string@h        000000018000909a     breakpoint.obj
 0005:0000009b       __9BEDF4DE_guiddef@h       000000018000909b     breakpoint.obj
 0005:0000009c       __12FEDF4E_sdkddkver@h     000000018000909c     breakpoint.obj
 0005:0000009d       __0C1C12B2_ntdef@h         000000018000909d     breakpoint.obj
 0005:0000009e       __CEF4F779_ntstatus@h      000000018000909e     breakpoint.obj
 0005:0000009f       __93C83F48_bugcodes@h      000000018000909f     breakpoint.obj
 0005:000000a0       __0BCE9B87_ntiologc@h      00000001800090a0     breakpoint.obj
 0005:000000a1       __784756CB_mce@h           00000001800090a1     breakpoint.obj
 0005:000000a2       __51BFD2FE_pshpack4@h      00000001800090a2     breakpoint.obj
 0005:000000a3       __31652CEA_poppack@h       00000001800090a3     breakpoint.obj
 0005:000000a4       __57741015_pshpack1@h      00000001800090a4     breakpoint.obj
 0005:000000a5       __5B2DDA8B_dpfilter@h      00000001800090a5     breakpoint.obj
 0005:000000a6       __CDE68C90_apiset@h        00000001800090a6     breakpoint.obj
 0005:000000a7       __0BF06E8D_ktmtypes@h      00000001800090a7     breakpoint.obj
 0005:000000a8       __81F9517C_evntprov@h      00000001800090a8     breakpoint.obj
 0005:000000a9       __F8AB347B_devpropdef@h    00000001800090a9     breakpoint.obj
 0005:000000aa       __C1D3B0E9_wdm@h           00000001800090aa     breakpoint.obj
 0005:000000ab       __06DC654B_ntddk@h         00000001800090ab     breakpoint.obj
 0005:000000ac       __C4BAED10_ntundoc@h       00000001800090ac     breakpoint.obj
 0005:000000ad       __2C4FD277_kf_shared@h     00000001800090ad     breakpoint.obj
 0005:000000ae       __B562A14B_breakpoint@c    00000001800090ae     breakpoint.obj
 0005:000000af       __26BD5384_concurrencysal@h 00000001800090af     singlestep.obj
 0005:000000b0       __0657E2AF_sal@h           00000001800090b0     singlestep.obj
 0005:000000b1       __CAE69F4E_vadefs@h        00000001800090b1     singlestep.obj
 0005:000000b2       __97B5484C_vcruntime@h     00000001800090b2     singlestep.obj
 0005:000000b3       __745DDA86_excpt@h         00000001800090b3     singlestep.obj
 0005:000000b4       __735960E1_corecrt@h       00000001800090b4     singlestep.obj
 0005:000000b5       __108B2620_corecrt_wctype@h 00000001800090b5     singlestep.obj
 0005:000000b6       __6CD6613D_ctype@h         00000001800090b6     singlestep.obj
 0005:000000b7       __4C2AD0C7_winpackagefamily@h 00000001800090b7     singlestep.obj
 0005:000000b8       __9DED9ED1_winapifamily@h  00000001800090b8     singlestep.obj
 0005:000000b9       __6B04FCB3_specstrings_undef@h 00000001800090b9     singlestep.obj
 0005:000000ba       __F4027AF7_specstrings_strict@h 00000001800090ba     singlestep.obj
 0005:000000bb       __B90340D4_sdv_driverspecs@h 00000001800090bb     singlestep.obj
 0005:000000bc       __BFFF5AD3_driverspecs@h   00000001800090bc     singlestep.obj
 0005:000000bd       __32847078_specstrings@h   00000001800090bd     singlestep.obj
 0005:000000be       __30902A1F_kernelspecs@h   00000001800090be     singlestep.obj
 0005:000000bf       __376FD5CA_basetsd@h       00000001800090bf     singlestep.obj
 0005:000000c0       __13DE2371_errno@h         00000001800090c0     singlestep.obj
 0005:000000c1       __4AF9C383_vcruntime_string@h 00000001800090c1     singlestep.obj
 0005:000000c2       __8ACB2152_corecrt_memcpy_s@h 00000001800090c2     singlestep.obj
 0005:000000c3       __EA6C9D17_corecrt_memory@h 00000001800090c3     singlestep.obj
 0005:000000c4       __0DF2AF52_corecrt_wstring@h 00000001800090c4     singlestep.obj
 0005:000000c5       __6E889ECC_string@h        00000001800090c5     singlestep.obj
 0005:000000c6       __9BEDF4DE_guiddef@h       00000001800090c6     singlestep.obj
 0005:000000c7       __12FEDF4E_sdkddkver@h     00000001800090c7     singlestep.obj
 0005:000000c8       __0C1C12B2_ntdef@h         00000001800090c8     singlestep.obj
 0005:000000c9       __CEF4F779_ntstatus@h      00000001800090c9     singlestep.obj
 0005:000000ca       __93C83F48_bugcodes@h      00000001800090ca     singlestep.obj
 0005:000000cb       __0BCE9B87_ntiologc@h      00000001800090cb     singlestep.obj
 0005:000000cc       __784756CB_mce@h           00000001800090cc     singlestep.obj
 0005:000000cd       __51BFD2FE_pshpack4@h      00000001800090cd     singlestep.obj
 0005:000000ce       __31652CEA_poppack@h       00000001800090ce     singlestep.obj
 0005:000000cf       __57741015_pshpack1@h      00000001800090cf     singlestep.obj
 0005:000000d0       __5B2DDA8B_dpfilter@h      00000001800090d0     singlestep.obj
 0005:000000d1       __CDE68C90_apiset@h        00000001800090d1     singlestep.obj
 0005:000000d2       __0BF06E8D_ktmtypes@h      00000001800090d2     singlestep.obj
 0005:000000d3       __81F9517C_evntprov@h      00000001800090d3     singlestep.obj
 0005:000000d4       __F8AB347B_devpropdef@h    00000001800090d4     singlestep.obj
 0005:000000d5       __C1D3B0E9_wdm@h           00000001800090d5     singlestep.obj
 0005:000000d6       __06DC654B_ntddk@h         00000001800090d6     singlestep.obj
 0005:000000d7       __C4BAED10_ntundoc@h       00000001800090d7     singlestep.obj
 0005:000000d8       __2C4FD277_kf_shared@h     00000001800090d8     singlestep.obj
 0005:000000d9       __27BDC554_singlestep@c    00000001800090d9     singlestep.obj
 0005:000000da       __26BD5384_concurrencysal@h 00000001800090da     registers.obj
 0005:000000db       __0657E2AF_sal@h           00000001800090db     registers.obj
 0005:000000dc       __CAE69F4E_vadefs@h        00000001800090dc     registers.obj
 0005:000000dd       __97B5484C_vcruntime@h     00000001800090dd     registers.obj
 0005:000000de       __745DDA86_excpt@h         00000001800090de     registers.obj
 0005:000000df       __735960E1_corecrt@h       00000001800090df     registers.obj
 0005:000000e0       __108B2620_corecrt_wctype@h 00000001800090e0     registers.obj
 0005:000000e1       __6CD6613D_ctype@h         00000001800090e1     registers.obj
 0005:000000e2       __4C2AD0C7_winpackagefamily@h 00000001800090e2     registers.obj
 0005:000000e3       __9DED9ED1_winapifamily@h  00000001800090e3     registers.obj
 0005:000000e4       __6B04FCB3_specstrings_undef@h 00000001800090e4     registers.obj
 0005:000000e5       __F4027AF7_specstrings_strict@h 00000001800090e5     registers.obj
 0005:000000e6       __B90340D4_sdv_driverspecs@h 00000001800090e6     registers.obj
 0005:000000e7       __BFFF5AD3_driverspecs@h   00000001800090e7     registers.obj
 0005:000000e8       __32847078_specstrings@h   00000001800090e8     registers.obj
 0005:000000e9       __30902A1F_kernelspecs@h   00000001800090e9     registers.obj
 0005:000000ea       __376FD5CA_basetsd@h       00000001800090ea     registers.obj
 0005:000000eb       __13DE2371_errno@h         00000001800090eb     registers.obj
 0005:000000ec       __4AF9C383_vcruntime_string@h 00000001800090ec     registers.obj
 0005:000000ed       __8ACB2152_corecrt_memcpy_s@h 00000001800090ed     registers.obj
 0005:000000ee       __EA6C9D17_corecrt_memory@h 00000001800090ee     registers.obj
 0005:000000ef       __0DF2AF52_corecrt_wstring@h 00000001800090ef     registers.obj
 0005:000000f0       __6E889ECC_string@h        00000001800090f0     registers.obj
 0005:000000f1       __9BEDF4DE_guiddef@h       00000001800090f1     registers.obj
 0005:000000f2       __12FEDF4E_sdkddkver@h     00000001800090f2     registers.obj
 0005:000000f3       __0C1C12B2_ntdef@h         00000001800090f3     registers.obj
 0005:000000f4       __CEF4F779_ntstatus@h      00000001800090f4     registers.obj
 0005:000000f5       __93C83F48_bugcodes@h      00000001800090f5     registers.obj
 0005:000000f6       __0BCE9B87_ntiologc@h      00000001800090f6     registers.obj
 0005:000000f7       __784756CB_mce@h           00000001800090f7     registers.obj
 0005:000000f8       __51BFD2FE_pshpack4@h      00000001800090f8     registers.obj
 0005:000000f9       __31652CEA_poppack@h       00000001800090f9     registers.obj
 0005:000000fa       __57741015_pshpack1@h      00000001800090fa     registers.obj
 0005:000000fb       __5B2DDA8B_dpfilter@h      00000001800090fb     registers.obj
 0005:000000fc       __CDE68C90_apiset@h        00000001800090fc     registers.obj
 0005:000000fd       __0BF06E8D_ktmtypes@h      00000001800090fd     registers.obj
 0005:000000fe       __81F9517C_evntprov@h      00000001800090fe     registers.obj
 0005:000000ff       __F8AB347B_devpropdef@h    00000001800090ff     registers.obj
 0005:00000100       __C1D3B0E9_wdm@h           0000000180009100     registers.obj
 0005:00000101       __06DC654B_ntddk@h         0000000180009101     registers.obj
 0005:00000102       __C4BAED10_ntundoc@h       0000000180009102     registers.obj
 0005:00000103       __2C4FD277_kf_shared@h     0000000180009103     registers.obj
 0005:00000104       __7A36F7E7_registers@c     0000000180009104     registers.obj
 0005:00000105       __26BD5384_concurrencysal@h 0000000180009105     modules.obj
 0005:00000106       __0657E2AF_sal@h           0000000180009106     modules.obj
 0005:00000107       __CAE69F4E_vadefs@h        0000000180009107     modules.obj
 0005:00000108       __97B5484C_vcruntime@h     0000000180009108     modules.obj
 0005:00000109       __745DDA86_excpt@h         0000000180009109     modules.obj
 0005:0000010a       __735960E1_corecrt@h       000000018000910a     modules.obj
 0005:0000010b       __108B2620_corecrt_wctype@h 000000018000910b     modules.obj
 0005:0000010c       __6CD6613D_ctype@h         000000018000910c     modules.obj
 0005:0000010d       __4C2AD0C7_winpackagefamily@h 000000018000910d     modules.obj
 0005:0000010e       __9DED9ED1_winapifamily@h  000000018000910e     modules.obj
 0005:0000010f       __6B04FCB3_specstrings_undef@h 000000018000910f     modules.obj
 0005:00000110       __F4027AF7_specstrings_strict@h 0000000180009110     modules.obj
 0005:00000111       __B90340D4_sdv_driverspecs@h 0000000180009111     modules.obj
 0005:00000112       __BFFF5AD3_driverspecs@h   0000000180009112     modules.obj
 0005:00000113       __32847078_specstrings@h   0000000180009113     modules.obj
 0005:00000114       __30902A1F_kernelspecs@h   0000000180009114     modules.obj
 0005:00000115       __376FD5CA_basetsd@h       0000000180009115     modules.obj
 0005:00000116       __13DE2371_errno@h         0000000180009116     modules.obj
 0005:00000117       __4AF9C383_vcruntime_string@h 0000000180009117     modules.obj
 0005:00000118       __8ACB2152_corecrt_memcpy_s@h 0000000180009118     modules.obj
 0005:00000119       __EA6C9D17_corecrt_memory@h 0000000180009119     modules.obj
 0005:0000011a       __0DF2AF52_corecrt_wstring@h 000000018000911a     modules.obj
 0005:0000011b       __6E889ECC_string@h        000000018000911b     modules.obj
 0005:0000011c       __9BEDF4DE_guiddef@h       000000018000911c     modules.obj
 0005:0000011d       __12FEDF4E_sdkddkver@h     000000018000911d     modules.obj
 0005:0000011e       __0C1C12B2_ntdef@h         000000018000911e     modules.obj
 0005:0000011f       __CEF4F779_ntstatus@h      000000018000911f     modules.obj
 0005:00000120       __93C83F48_bugcodes@h      0000000180009120     modules.obj
 0005:00000121       __0BCE9B87_ntiologc@h      0000000180009121     modules.obj
 0005:00000122       __784756CB_mce@h           0000000180009122     modules.obj
 0005:00000123       __51BFD2FE_pshpack4@h      0000000180009123     modules.obj
 0005:00000124       __31652CEA_poppack@h       0000000180009124     modules.obj
 0005:00000125       __57741015_pshpack1@h      0000000180009125     modules.obj
 0005:00000126       __5B2DDA8B_dpfilter@h      0000000180009126     modules.obj
 0005:00000127       __CDE68C90_apiset@h        0000000180009127     modules.obj
 0005:00000128       __0BF06E8D_ktmtypes@h      0000000180009128     modules.obj
 0005:00000129       __81F9517C_evntprov@h      0000000180009129     modules.obj
 0005:0000012a       __F8AB347B_devpropdef@h    000000018000912a     modules.obj
 0005:0000012b       __C1D3B0E9_wdm@h           000000018000912b     modules.obj
 0005:0000012c       __06DC654B_ntddk@h         000000018000912c     modules.obj
 0005:0000012d       __C4BAED10_ntundoc@h       000000018000912d     modules.obj
 0005:0000012e       __2C4FD277_kf_shared@h     000000018000912e     modules.obj
 0005:0000012f       __A06748D7_modules@c       000000018000912f     modules.obj
 0005:00000130       __26BD5384_concurrencysal@h 0000000180009130     threads.obj
 0005:00000131       __0657E2AF_sal@h           0000000180009131     threads.obj
 0005:00000132       __CAE69F4E_vadefs@h        0000000180009132     threads.obj
 0005:00000133       __97B5484C_vcruntime@h     0000000180009133     threads.obj
 0005:00000134       __745DDA86_excpt@h         0000000180009134     threads.obj
 0005:00000135       __735960E1_corecrt@h       0000000180009135     threads.obj
 0005:00000136       __108B2620_corecrt_wctype@h 0000000180009136     threads.obj
 0005:00000137       __6CD6613D_ctype@h         0000000180009137     threads.obj
 0005:00000138       __4C2AD0C7_winpackagefamily@h 0000000180009138     threads.obj
 0005:00000139       __9DED9ED1_winapifamily@h  0000000180009139     threads.obj
 0005:0000013a       __6B04FCB3_specstrings_undef@h 000000018000913a     threads.obj
 0005:0000013b       __F4027AF7_specstrings_strict@h 000000018000913b     threads.obj
 0005:0000013c       __B90340D4_sdv_driverspecs@h 000000018000913c     threads.obj
 0005:0000013d       __BFFF5AD3_driverspecs@h   000000018000913d     threads.obj
 0005:0000013e       __32847078_specstrings@h   000000018000913e     threads.obj
 0005:0000013f       __30902A1F_kernelspecs@h   000000018000913f     threads.obj
 0005:00000140       __376FD5CA_basetsd@h       0000000180009140     threads.obj
 0005:00000141       __13DE2371_errno@h         0000000180009141     threads.obj
 0005:00000142       __4AF9C383_vcruntime_string@h 0000000180009142     threads.obj
 0005:00000143       __8ACB2152_corecrt_memcpy_s@h 0000000180009143     threads.obj
 0005:00000144       __EA6C9D17_corecrt_memory@h 0000000180009144     threads.obj
 0005:00000145       __0DF2AF52_corecrt_wstring@h 0000000180009145     threads.obj
 0005:00000146       __6E889ECC_string@h        0000000180009146     threads.obj
 0005:00000147       __9BEDF4DE_guiddef@h       0000000180009147     threads.obj
 0005:00000148       __12FEDF4E_sdkddkver@h     0000000180009148     threads.obj
 0005:00000149       __0C1C12B2_ntdef@h         0000000180009149     threads.obj
 0005:0000014a       __CEF4F779_ntstatus@h      000000018000914a     threads.obj
 0005:0000014b       __93C83F48_bugcodes@h      000000018000914b     threads.obj
 0005:0000014c       __0BCE9B87_ntiologc@h      000000018000914c     threads.obj
 0005:0000014d       __784756CB_mce@h           000000018000914d     threads.obj
 0005:0000014e       __51BFD2FE_pshpack4@h      000000018000914e     threads.obj
 0005:0000014f       __31652CEA_poppack@h       000000018000914f     threads.obj
 0005:00000150       __57741015_pshpack1@h      0000000180009150     threads.obj
 0005:00000151       __5B2DDA8B_dpfilter@h      0000000180009151     threads.obj
 0005:00000152       __CDE68C90_apiset@h        0000000180009152     threads.obj
 0005:00000153       __0BF06E8D_ktmtypes@h      0000000180009153     threads.obj
 0005:00000154       __81F9517C_evntprov@h      0000000180009154     threads.obj
 0005:00000155       __F8AB347B_devpropdef@h    0000000180009155     threads.obj
 0005:00000156       __C1D3B0E9_wdm@h           0000000180009156     threads.obj
 0005:00000157       __06DC654B_ntddk@h         0000000180009157     threads.obj
 0005:00000158       __C4BAED10_ntundoc@h       0000000180009158     threads.obj
 0005:00000159       __2C4FD277_kf_shared@h     0000000180009159     threads.obj
 0005:0000015a       __ED35BD5F_threads@c       000000018000915a     threads.obj
 0006:000003a4       .idata$6                   000000018000a3a4     ntoskrnl:ntoskrnl.exe
