 KernelFlirt

 Timestamp is 69b224e3 (Thu Mar 12 10:28:51 2026)

 Preferred load address is 0000000180000000

 Start         Length     Name                   Class
 0001:00000000 00004580H .text$mn                CODE
 0001:00004580 000004a6H .text$mn$21             CODE
 0002:00000000 00000180H .idata$5                DATA
 0002:00000180 00001964H .rdata                  DATA
 0002:00001ae4 00000018H .rdata$voltmd           DATA
 0002:00001afc 000001c4H .rdata$zzzdbg           DATA
 0002:00001cc0 000005f0H .xdata                  DATA
 0003:00000000 00000080H .data                   DATA
 0003:00000080 00003b18H .bss                    DATA
 0004:00000000 000002a0H .pdata                  DATA
 0005:00000000 00000014H .idata$2                DATA
 0005:00000014 00000014H .idata$3                DATA
 0005:00000028 00000178H .idata$4                DATA
 0005:000001a0 000003faH .idata$6                DATA

  Address         Publics by Value              Rva+Base               Lib:Object

 0000:00000000       __AbsoluteZero             0000000000000000     <absolute>
 0000:00000000       ___safe_se_handler_count   0000000000000000     <absolute>
 0000:00000000       ___safe_se_handler_table   0000000000000000     <absolute>
 0000:00000000       __arm64x_extra_rfe_table   0000000000000000     <absolute>
 0000:00000000       __arm64x_extra_rfe_table_size 0000000000000000     <absolute>
 0000:00000000       __arm64x_native_entrypoint 0000000000000000     <absolute>
 0000:00000000       __arm64x_redirection_metadata 0000000000000000     <absolute>
 0000:00000000       __arm64x_redirection_metadata_count 0000000000000000     <absolute>
 0000:00000000       __dynamic_value_reloc_table 0000000000000000     <absolute>
 0000:00000000       __enclave_config           0000000000000000     <absolute>
 0000:00000000       __guard_check_icall_a64n_fptr 0000000000000000     <absolute>
 0000:00000000       __guard_eh_cont_count      0000000000000000     <absolute>
 0000:00000000       __guard_eh_cont_table      0000000000000000     <absolute>
 0000:00000000       __guard_fids_count         0000000000000000     <absolute>
 0000:00000000       __guard_fids_table         0000000000000000     <absolute>
 0000:00000000       __guard_iat_count          0000000000000000     <absolute>
 0000:00000000       __guard_iat_table          0000000000000000     <absolute>
 0000:00000000       __guard_longjmp_count      0000000000000000     <absolute>
 0000:00000000       __guard_longjmp_table      0000000000000000     <absolute>
 0000:00000000       __hybrid_auxiliary_delayload_iat 0000000000000000     <absolute>
 0000:00000000       __hybrid_auxiliary_delayload_iat_copy 0000000000000000     <absolute>
 0000:00000000       __hybrid_auxiliary_iat     0000000000000000     <absolute>
 0000:00000000       __hybrid_auxiliary_iat_copy 0000000000000000     <absolute>
 0000:00000000       __hybrid_code_map          0000000000000000     <absolute>
 0000:00000000       __hybrid_code_map_count    0000000000000000     <absolute>
 0000:00000000       __hybrid_image_info_bitfield 0000000000000000     <absolute>
 0000:00000000       __x64_code_ranges_to_entry_points 0000000000000000     <absolute>
 0000:00000000       __x64_code_ranges_to_entry_points_count 0000000000000000     <absolute>
 0000:00000100       __guard_flags              0000000000000100     <absolute>
 0000:00000000       __ImageBase                0000000180000000     <linker-defined>
 0001:00000000       DriverEntry                0000000180001000 f   main.obj
 0001:000001b0       KfUnload                   00000001800011b0 f   main.obj
 0001:00000280       KfCreateClose              0000000180001280 f   main.obj
 0001:000002b0       KfDeviceControl            00000001800012b0 f   main.obj
 0001:000002c0       KfDispatchIoctl            00000001800012c0 f   ioctl.obj
 0001:00000b50       KfReadMemory               0000000180001b50 f   memory.obj
 0001:00000cd0       KfWriteMemory              0000000180001cd0 f   memory.obj
 0001:00001af0       KfRemoveBreakpoint         0000000180002af0 f   breakpoint.obj
 0001:00001d60       KfRemoveAllBreakpoints     0000000180002d60 f   breakpoint.obj
 0001:00001f80       KfSingleStep               0000000180002f80 f   singlestep.obj
 0001:00002060       KfReadRegisters            0000000180003060 f   registers.obj
 0001:00002300       KfWriteRegisters           0000000180003300 f   registers.obj
 0001:000024f0       KfEnumModules              00000001800034f0 f   modules.obj
 0001:000026c0       KfEnumThreads              00000001800036c0 f   threads.obj
 0001:00002970       KfEnumProcesses            0000000180003970 f   process.obj
 0001:00003bb0       KfInstallDebugHook         0000000180004bb0 f   debughook.obj
 0001:00004300       KfRemoveDebugHook          0000000180005300 f   debughook.obj
 0001:00004484       __C_specific_handler       0000000180005484 f   ntoskrnl:ntoskrnl.exe
 0001:00004490       __cpu_features_init        0000000180005490 f   ntoskrnl:cpuinfo.obj
 0001:00004580       memcpy                     0000000180005580 f   ntoskrnl:memcpy.obj
 0001:00004580       memmove                    0000000180005580 f   ntoskrnl:memcpy.obj
 0001:00004840       memset                     0000000180005840 f   ntoskrnl:memset.obj
 0001:00004840       memset_$fo_default$        0000000180005840     ntoskrnl:memset.obj
 0001:00004980       __memset_repmovs           0000000180005980 f   ntoskrnl:memset.obj
 0001:00004a00       __memset_query             0000000180005a00 f   ntoskrnl:memset.obj
 0002:00000000       __imp_RtlInitUnicodeString 0000000180006000     ntoskrnl:ntoskrnl.exe
 0002:00000008       __imp_IoDeleteDevice       0000000180006008     ntoskrnl:ntoskrnl.exe
 0002:00000010       __imp_IoDeleteSymbolicLink 0000000180006010     ntoskrnl:ntoskrnl.exe
 0002:00000018       __imp_IoCreateDevice       0000000180006018     ntoskrnl:ntoskrnl.exe
 0002:00000020       __imp_IofCompleteRequest   0000000180006020     ntoskrnl:ntoskrnl.exe
 0002:00000028       __imp_IoCreateSymbolicLink 0000000180006028     ntoskrnl:ntoskrnl.exe
 0002:00000030       __imp_DbgPrint             0000000180006030     ntoskrnl:ntoskrnl.exe
 0002:00000038       __imp___C_specific_handler 0000000180006038     ntoskrnl:ntoskrnl.exe
 0002:00000040       __imp_MmIsAddressValid     0000000180006040     ntoskrnl:ntoskrnl.exe
 0002:00000048       __imp_ObfDereferenceObject 0000000180006048     ntoskrnl:ntoskrnl.exe
 0002:00000050       __imp_MmCopyVirtualMemory  0000000180006050     ntoskrnl:ntoskrnl.exe
 0002:00000058       __imp_IoGetCurrentProcess  0000000180006058     ntoskrnl:ntoskrnl.exe
 0002:00000060       __imp_PsLookupProcessByProcessId 0000000180006060     ntoskrnl:ntoskrnl.exe
 0002:00000068       __imp_MmUnlockPages        0000000180006068     ntoskrnl:ntoskrnl.exe
 0002:00000070       __imp_KeAcquireSpinLockRaiseToDpc 0000000180006070     ntoskrnl:ntoskrnl.exe
 0002:00000078       __imp_MmProbeAndLockPages  0000000180006078     ntoskrnl:ntoskrnl.exe
 0002:00000080       __imp_IoAllocateMdl        0000000180006080     ntoskrnl:ntoskrnl.exe
 0002:00000088       __imp_KeInitializeSpinLock 0000000180006088     ntoskrnl:ntoskrnl.exe
 0002:00000090       __imp_MmProtectMdlSystemAddress 0000000180006090     ntoskrnl:ntoskrnl.exe
 0002:00000098       __imp_ProbeForWrite        0000000180006098     ntoskrnl:ntoskrnl.exe
 0002:000000a0       __imp_KeReleaseSpinLock    00000001800060a0     ntoskrnl:ntoskrnl.exe
 0002:000000a8       __imp_KeStackAttachProcess 00000001800060a8     ntoskrnl:ntoskrnl.exe
 0002:000000b0       __imp_ZwProtectVirtualMemory 00000001800060b0     ntoskrnl:ntoskrnl.exe
 0002:000000b8       __imp_IoFreeMdl            00000001800060b8     ntoskrnl:ntoskrnl.exe
 0002:000000c0       __imp_MmUnmapLockedPages   00000001800060c0     ntoskrnl:ntoskrnl.exe
 0002:000000c8       __imp_MmMapLockedPagesSpecifyCache 00000001800060c8     ntoskrnl:ntoskrnl.exe
 0002:000000d0       __imp_PsLookupThreadByThreadId 00000001800060d0     ntoskrnl:ntoskrnl.exe
 0002:000000d8       __imp_ZwClose              00000001800060d8     ntoskrnl:ntoskrnl.exe
 0002:000000e0       __imp_KeUnstackDetachProcess 00000001800060e0     ntoskrnl:ntoskrnl.exe
 0002:000000e8       __imp_ZwOpenProcess        00000001800060e8     ntoskrnl:ntoskrnl.exe
 0002:000000f0       __imp_PsGetProcessPeb      00000001800060f0     ntoskrnl:ntoskrnl.exe
 0002:000000f8       __imp_ZwQuerySystemInformation 00000001800060f8     ntoskrnl:ntoskrnl.exe
 0002:00000100       __imp_ExAllocatePoolWithTag 0000000180006100     ntoskrnl:ntoskrnl.exe
 0002:00000108       __imp_ExFreePoolWithTag    0000000180006108     ntoskrnl:ntoskrnl.exe
 0002:00000110       __imp_IoThreadToProcess    0000000180006110     ntoskrnl:ntoskrnl.exe
 0002:00000118       __imp_MmGetSystemRoutineAddress 0000000180006118     ntoskrnl:ntoskrnl.exe
 0002:00000120       __imp_KeDelayExecutionThread 0000000180006120     ntoskrnl:ntoskrnl.exe
 0002:00000128       __imp_KeGetCurrentIrql     0000000180006128     ntoskrnl:ntoskrnl.exe
 0002:00000130       __imp_PsGetCurrentProcessId 0000000180006130     ntoskrnl:ntoskrnl.exe
 0002:00000138       __imp_KeSetEvent           0000000180006138     ntoskrnl:ntoskrnl.exe
 0002:00000140       __imp_KeClearEvent         0000000180006140     ntoskrnl:ntoskrnl.exe
 0002:00000148       __imp_KeInitializeEvent    0000000180006148     ntoskrnl:ntoskrnl.exe
 0002:00000150       __imp_PsGetCurrentThreadId 0000000180006150     ntoskrnl:ntoskrnl.exe
 0002:00000158       __imp_KeWaitForSingleObject 0000000180006158     ntoskrnl:ntoskrnl.exe
 0002:00000160       __imp_IoReleaseCancelSpinLock 0000000180006160     ntoskrnl:ntoskrnl.exe
 0002:00000168       __imp_RtlCompareMemory     0000000180006168     ntoskrnl:ntoskrnl.exe
 0002:00000170       \177ntoskrnl_NULL_THUNK_DATA 0000000180006170     ntoskrnl:ntoskrnl.exe
 0002:00000180       ??_C@_0CP@GBGHIGJJ@?$FLKernelFlirt?$FN?5DriverEntry?3?5load@ 0000000180006180     main.obj
 0002:000001b0       ??_C@_1CI@GEGILAP@?$AA?2?$AAD?$AAe?$AAv?$AAi?$AAc?$AAe?$AA?2?$AAK?$AAe?$AAr?$AAn?$AAe?$AAl?$AAF@ 00000001800061b0     main.obj
 0002:000001d8       ??_C@_0CN@GDJDEPEP@?$FLKernelFlirt?$FN?5IoCreateDevice?5fa@ 00000001800061d8     main.obj
 0002:00000208       ??_C@_1DA@FNPECEIF@?$AA?2?$AAD?$AAo?$AAs?$AAD?$AAe?$AAv?$AAi?$AAc?$AAe?$AAs?$AA?2?$AAK?$AAe?$AAr@ 0000000180006208     main.obj
 0002:00000238       ??_C@_0DD@MGICPOJJ@?$FLKernelFlirt?$FN?5IoCreateSymbolicL@ 0000000180006238     main.obj
 0002:00000270       ??_C@_0CK@KOOPDGE@?$FLKernelFlirt?$FN?5Driver?5loaded?5suc@ 0000000180006270     main.obj
 0002:000002a0       ??_C@_0CA@DMGKCEPJ@?$FLKernelFlirt?$FN?5Unloading?5driver?6@ 00000001800062a0     main.obj
 0002:000002c0       ??_C@_0BP@PLJPJMDF@?$FLKernelFlirt?$FN?5Driver?5unloaded?6@ 00000001800062c0     main.obj
 0002:000002e0       ??_C@_0DI@JGNFFPNE@?$FLKernelFlirt?$FN?5RESET?3?5removing?5a@ 00000001800062e0     ioctl.obj
 0002:00000318       ??_C@_0CF@EBHKIIL@?$FLKernelFlirt?$FN?5Unknown?5IOCTL?3?50x@ 0000000180006318     ioctl.obj
 0002:00000340       ??_C@_0DN@MLBBDGIG@?$FLKernelFlirt?$FN?5PsLookupProcessBy@ 0000000180006340     memory.obj
 0002:00000380       ??_C@_0DD@CCEIFNPE@?$FLKernelFlirt?$FN?5KernelBP?3?5read?5fa@ 0000000180006380     breakpoint.obj
 0002:000003b8       ??_C@_0DJ@LBGADJKP@?$FLKernelFlirt?$FN?5KernelBP?3?5write?5I@ 00000001800063b8     breakpoint.obj
 0002:000003f8       ??_C@_0DC@GAIIGOIJ@?$FLKernelFlirt?$FN?5KernelBP?3?5INT3?5at@ 00000001800063f8     breakpoint.obj
 0002:00000430       ??_C@_0DP@DIDOFPBD@?$FLKernelFlirt?$FN?5HW?5BP?5slot?$DN?$CFu?5add@ 0000000180006430     breakpoint.obj
 0002:00000470       ??_C@_0DE@JHMMNBBB@?$FLKernelFlirt?$FN?5MemBP?3?5Failed?5to?5@ 0000000180006470     breakpoint.obj
 0002:000004a8       ??_C@_0DM@ENIAAMLB@?$FLKernelFlirt?$FN?5MemBP?3?5ZwProtectV@ 00000001800064a8     breakpoint.obj
 0002:000004e8       ??_C@_0DP@CFKEFOOK@?$FLKernelFlirt?$FN?5MemBP?3?5Set?5PAGE_G@ 00000001800064e8     breakpoint.obj
 0002:00000528       ??_C@_0DH@HBGIJHNG@?$FLKernelFlirt?$FN?5MemBP?3?5Restored?5p@ 0000000180006528     breakpoint.obj
 0002:00000560       ??_C@_0CG@JAFFKLOG@?$FLKernelFlirt?$FN?5KernelBP?5removed?5@ 0000000180006560     breakpoint.obj
 0002:00000588       ??_C@_0CP@MDEMENBN@?$FLKernelFlirt?$FN?5All?5breakpoints?5r@ 0000000180006588     breakpoint.obj
 0002:000005b8       ??_C@_0DJ@BBMHLJEH@KernelFlirt?3?5SingleStep?5TID?5?$CFu?5@ 00000001800065b8     singlestep.obj
 0002:000005f8       ??_C@_0DK@ILAHJAFK@?$FLKernelFlirt?$FN?5ReadRegs?3?5PsLooku@ 00000001800065f8     registers.obj
 0002:00000640       ??_C@_0FO@GKGAEENF@?$FLKernelFlirt?$FN?5ReadRegs?$CITID?5?$CFu?$CJ?3@ 0000000180006640     registers.obj
 0002:000006a0       ??_C@_0CO@FGHCCPIM@?$FLKernelFlirt?$FN?5ReadRegs?$CITID?5?$CFu?$CJ?3@ 00000001800066a0     registers.obj
 0002:000006d0       ??_C@_0DC@PJCIHGLO@?$FLKernelFlirt?$FN?5ReadRegs?$CITID?5?$CFu?$CJ?3@ 00000001800066d0     registers.obj
 0002:00000710       ??_C@_0EE@CFJKJJHM@?$FLKernelFlirt?$FN?5ReadRegs?$CITID?5?$CFu?$CJ?3@ 0000000180006710     registers.obj
 0002:00000758       ??_C@_0CN@LNJPFHJK@?$FLKernelFlirt?$FN?5PEB?5or?5Ldr?5is?5NUL@ 0000000180006758     modules.obj
 0002:00000788       ??_C@_0DB@KCJAPLHK@?$FLKernelFlirt?$FN?5Exception?50x?$CF08X?5@ 0000000180006788     modules.obj
 0002:000007c0       ??_C@_0DB@OPMCAOPC@?$FLKernelFlirt?$FN?5Exception?50x?$CF08X?5@ 00000001800067c0     threads.obj
 0002:000007f8       ??_C@_1CC@FFNFOKJM@?$AAP?$AAs?$AAS?$AAu?$AAs?$AAp?$AAe?$AAn?$AAd?$AAP?$AAr?$AAo?$AAc?$AAe?$AAs@ 00000001800067f8     threads.obj
 0002:00000820       ??_C@_1CA@LKJNMPCF@?$AAP?$AAs?$AAR?$AAe?$AAs?$AAu?$AAm?$AAe?$AAP?$AAr?$AAo?$AAc?$AAe?$AAs?$AAs@ 0000000180006820     threads.obj
 0002:00000840       ??_C@_0DG@GKOAEFMD@?$FLKernelFlirt?$FN?5PsSuspendProcess?$DN@ 0000000180006840     threads.obj
 0002:00000878       ??_C@_0DL@JEOKODPG@?$FLKernelFlirt?$FN?5PsLookupThreadByT@ 0000000180006878     threads.obj
 0002:000008b8       ??_C@_0DD@GLOACPKO@?$FLKernelFlirt?$FN?5PsSuspendProcess?5@ 00000001800068b8     threads.obj
 0002:000008f0       ??_C@_0DD@PPAGEABO@?$FLKernelFlirt?$FN?5Exception?50x?$CF08X?5@ 00000001800068f0     process.obj
 0002:00000928       ??_C@_0DE@KGNNNPFI@?$FLKernelFlirt?$FN?5KfPatchBytes?$CIMDL?$CJ@ 0000000180006928     debughook.obj
 0002:00000960       ??_C@_0DC@CJNCLNDO@?$FLKernelFlirt?$FN?5KfPatchBytes?3?5des@ 0000000180006960     debughook.obj
 0002:00000998       ??_C@_0DC@PONBGBLB@?$FLKernelFlirt?$FN?5KfPatchBytes?3?5IoA@ 0000000180006998     debughook.obj
 0002:000009d0       ??_C@_0DP@KADHFEHD@?$FLKernelFlirt?$FN?5KfPatchBytes?3?5MmP@ 00000001800069d0     debughook.obj
 0002:00000a10       ??_C@_0DF@JFELDBCI@?$FLKernelFlirt?$FN?5KfPatchBytes?3?5MmM@ 0000000180006a10     debughook.obj
 0002:00000a48       ??_C@_0CN@JDPPPHGM@?$FLKernelFlirt?$FN?5KfPatchBytes?3?5map@ 0000000180006a48     debughook.obj
 0002:00000a80       ??_C@_0EF@DOLHMGKP@?$FLKernelFlirt?$FN?5KfPatchBytes?3?5MmP@ 0000000180006a80     debughook.obj
 0002:00000ac8       ??_C@_0DP@CMKCEPL@?$FLKernelFlirt?$FN?5KfPatchBytes?$CIMDL?$CJ@ 0000000180006ac8     debughook.obj
 0002:00000b10       ??_C@_0HB@HHFFAGPF@?$FLKernelFlirt?$FN?5KfPatchBytes?$CIMDL?$CJ@ 0000000180006b10     debughook.obj
 0002:00000b88       ??_C@_0CG@MKPGCMDE@?$FLKernelFlirt?$FN?5ntoskrnl?5base?3?5?$CFp@ 0000000180006b88     debughook.obj
 0002:00000bb0       ??_C@_0DH@EJEHNCDB@?$FLKernelFlirt?$FN?5ZwQuerySystemInfo@ 0000000180006bb0     debughook.obj
 0002:00000be8       ??_C@_0CN@FFONDFJM@?$FLKernelFlirt?$FN?5DOS?5header?5at?5?$CFp?5@ 0000000180006be8     debughook.obj
 0002:00000c18       ??_C@_0CL@MIEPHALN@?$FLKernelFlirt?$FN?5Invalid?5DOS?5signa@ 0000000180006c18     debughook.obj
 0002:00000c48       ??_C@_0CM@JGCAHOML@?$FLKernelFlirt?$FN?5NT?5header?5at?5?$CFp?5i@ 0000000180006c48     debughook.obj
 0002:00000c78       ??_C@_0CE@PKJHGDHF@?$FLKernelFlirt?$FN?5Invalid?5NT?5signat@ 0000000180006c78     debughook.obj
 0002:00000ca0       ??_C@_0CC@PNMNHAOB@?$FLKernelFlirt?$FN?5Total?5sections?3?5?$CF@ 0000000180006ca0     debughook.obj
 0002:00000cc8       ??_C@_0DO@JEOLBDCF@?$FLKernelFlirt?$FN?5Section?$FL?$CFu?$FN?5?$CF?48s?5@ 0000000180006cc8     debughook.obj
 0002:00000d08       ??_C@_0DP@BELIGLH@?$FLKernelFlirt?$FN?5Scanning?5executab@ 0000000180006d08     debughook.obj
 0002:00000d48       ??_C@_0CO@IJDACNDD@?$FLKernelFlirt?$FN?5KdTrap?5found?5at?5?$CF@ 0000000180006d48     debughook.obj
 0002:00000d78       ??_C@_0DM@OKHEHHDA@?$FLKernelFlirt?$FN?5KdTrap?5pattern?5no@ 0000000180006d78     debughook.obj
 0002:00000db8       ??_C@_0CL@NKEDKHBD@?$FLKernelFlirt?$FN?5CMP?5disp?5at?5?$CFp?5is@ 0000000180006db8     debughook.obj
 0002:00000de8       ??_C@_0DI@HEJKHAJE@?$FLKernelFlirt?$FN?5KdpDebugRoutineSe@ 0000000180006de8     debughook.obj
 0002:00000e20       ??_C@_0DF@KLDOLLJN@?$FLKernelFlirt?$FN?5KdpDebugRoutineSe@ 0000000180006e20     debughook.obj
 0002:00000e58       ??_C@_0CN@MLJMACKM@?$FLKernelFlirt?$FN?5CALL?$FL?$CFd?$FN?5at?5KdTra@ 0000000180006e58     debughook.obj
 0002:00000e88       ??_C@_0CP@OLEHOEPN@?$FLKernelFlirt?$FN?5Using?5CALL?$FL?$CFd?$FN?5?$CIs@ 0000000180006e88     debughook.obj
 0002:00000eb8       ??_C@_0DL@ENJKMNLE@?$FLKernelFlirt?$FN?5Target?5CALL?5not?5f@ 0000000180006eb8     debughook.obj
 0002:00000ef8       ??_C@_0BP@OKBLCEAI@?$FLKernelFlirt?$FN?5Blocking?5TID?5?$CFu?6@ 0000000180006ef8     debughook.obj
 0002:00000f18       ??_C@_0CI@DJBOCNGM@?$FLKernelFlirt?$FN?5TID?5?$CFu?5resumed?5?$CIm@ 0000000180006f18     debughook.obj
 0002:00000f40       ??_C@_0CH@KKLKMLCM@?$FLKernelFlirt?$FN?5Cannot?5block?5at?5I@ 0000000180006f40     debughook.obj
 0002:00000f70       ??_C@_0EG@IKOEOJKB@?$FLKernelFlirt?$FN?5HOOK?5CALLED?3?5code@ 0000000180006f70     debughook.obj
 0002:00000fb8       ??_C@_0DD@LODJFDMF@?$FLKernelFlirt?$FN?5Re?9armed?50xCC?5at?5@ 0000000180006fb8     debughook.obj
 0002:00000ff0       ??_C@_0DC@PEMHIHFE@?$FLKernelFlirt?$FN?5StepIn?3?5reporting@ 0000000180006ff0     debughook.obj
 0002:00001028       ??_C@_0DM@PJAJNPEG@?$FLKernelFlirt?$FN?5Transparent?5re?9ar@ 0000000180007028     debughook.obj
 0002:00001068       ??_C@_0DL@OMDCDHIP@?$FLKernelFlirt?$FN?5Target?5INT3?5at?5?$CFp@ 0000000180007068     debughook.obj
 0002:000010a8       ??_C@_0DB@GCJJNBLL@?$FLKernelFlirt?$FN?5Target?5BP?5hit?5at?5@ 00000001800070a8     debughook.obj
 0002:000010e0       ??_C@_0DF@BAFALIJO@?$FLKernelFlirt?$FN?5Restored?50x?$CF02X?5a@ 00000001800070e0     debughook.obj
 0002:00001118       ??_C@_0DF@GHJBDCNL@?$FLKernelFlirt?$FN?5Non?9target?5PID?5?$CFu@ 0000000180007118     debughook.obj
 0002:00001150       ??_C@_0DC@JEAMPKMB@?$FLKernelFlirt?$FN?5WARNING?3?5no?5trans@ 0000000180007150     debughook.obj
 0002:00001188       ??_C@_0DI@DAMGGGEE@?$FLKernelFlirt?$FN?5Event?3?5code?$DN0x?$CF08@ 0000000180007188     debughook.obj
 0002:000011c0       ??_C@_0CE@LAMHBHA@?$FLKernelFlirt?$FN?5?$CFs?5?$CI?$CFd?5bytes?5at?5?$CF@ 00000001800071c0     debughook.obj
 0002:000011e8       ??_C@_0CH@DGNAPKDI@?$FLKernelFlirt?$FN?5?5?5?$CL?$CF02X?3?5?$CIinvalid@ 00000001800071e8     debughook.obj
 0002:00001210       ??_C@_0EA@OJFLPIFK@?$FLKernelFlirt?$FN?5?5?5?$CL?$CF02X?3?5?$CF02X?5?$CF02@ 0000000180007210     debughook.obj
 0002:00001250       ??_C@_0CM@MFJANDDN@?$FLKernelFlirt?$FN?5?5?5?$CL?$CF02X?3?5?$CF02X?5?$CF02@ 0000000180007250     debughook.obj
 0002:00001280       ??_C@_0CO@NKGLOFNJ@?$FLKernelFlirt?$FN?5?$DN?$DN?$DN?5InstallDebugH@ 0000000180007280     debughook.obj
 0002:000012b0       ??_C@_0CN@MOOCMGGG@?$FLKernelFlirt?$FN?5FAIL?3?5ntoskrnl?5ba@ 00000001800072b0     debughook.obj
 0002:000012e0       ??_C@_0CG@MLILJENP@?$FLKernelFlirt?$FN?5FAIL?3?5KdTrap?5not?5@ 00000001800072e0     debughook.obj
 0002:00001308       ??_C@_0O@JCGAJICG@KdTrap?$FL0?4?431?$FN@ 0000000180007308     debughook.obj
 0002:00001318       ??_C@_0P@LEJFLKIF@KdTrap?$FL32?4?463?$FN@ 0000000180007318     debughook.obj
 0002:00001328       ??_C@_0DF@LPLCKHDH@?$FLKernelFlirt?$FN?5FAIL?3?5KdpDebugRou@ 0000000180007328     debughook.obj
 0002:00001360       ??_C@_0DB@BDGGMPBM@?$FLKernelFlirt?$FN?5FAIL?3?5KdpTrap?5cal@ 0000000180007360     debughook.obj
 0002:00001398       ??_C@_0DD@JAIDCEGD@?$FLKernelFlirt?$FN?5KdTrap?$DN?$CFp?5?5KdpTra@ 0000000180007398     debughook.obj
 0002:000013d0       ??_C@_0P@MCEJFPLA@KdpTrap?$FL0?4?415?$FN@ 00000001800073d0     debughook.obj
 0002:000013e0       ??_C@_0EE@IOKFLJKN@?$FLKernelFlirt?$FN?5Handler?$DN?$CFp?5?5CallS@ 00000001800073e0     debughook.obj
 0002:00001430       ??_C@_0EA@INDOJJNO@?$FLKernelFlirt?$FN?5Patching?5CALL?5rel@ 0000000180007430     debughook.obj
 0002:00001470       ??_C@_0DC@PFKHFECG@?$FLKernelFlirt?$FN?5FAIL?3?5KfPatchByte@ 0000000180007470     debughook.obj
 0002:000014b0       ??_C@_0EM@CPLCFEKN@?$FLKernelFlirt?$FN?5VERIFY?3?5CALL?5disp@ 00000001800074b0     debughook.obj
 0002:00001500       ??_C@_0CB@LKICKMPO@?$FLKernelFlirt?$FN?5VERIFY?3?5PATCH?5OK?$CB@ 0000000180007500     debughook.obj
 0002:00001530       ??_C@_0EC@HIAAEMAJ@?$FLKernelFlirt?$FN?5VERIFY?3?5PATCH?5MIS@ 0000000180007530     debughook.obj
 0002:00001578       ??_C@_0DM@KPLMOGPI@?$FLKernelFlirt?$FN?5Delta?5too?5large?5f@ 0000000180007578     debughook.obj
 0002:000015b8       ??_C@_0DA@DEJJCGEL@?$FLKernelFlirt?$FN?5FAIL?3?5Cannot?5allo@ 00000001800075b8     debughook.obj
 0002:000015e8       ??_C@_0DH@MHNLADFB@?$FLKernelFlirt?$FN?5FAIL?3?5inline?5hook@ 00000001800075e8     debughook.obj
 0002:00001620       ??_C@_0ED@LFNENPLE@?$FLKernelFlirt?$FN?5KdpDebugRoutineSe@ 0000000180007620     debughook.obj
 0002:00001668       ??_C@_1CE@KBKMNMJL@?$AAK?$AAd?$AAD?$AAe?$AAb?$AAu?$AAg?$AAg?$AAe?$AAr?$AAE?$AAn?$AAa?$AAb?$AAl@ 0000000180007668     debughook.obj
 0002:00001690       ??_C@_1CK@JLONAMAI@?$AAK?$AAd?$AAD?$AAe?$AAb?$AAu?$AAg?$AAg?$AAe?$AAr?$AAN?$AAo?$AAt?$AAP?$AAr@ 0000000180007690     debughook.obj
 0002:000016c0       ??_C@_0DP@OPDOPIBE@?$FLKernelFlirt?$FN?5WARNING?3?5KdDebugg@ 00000001800076c0     debughook.obj
 0002:00001700       ??_C@_0CL@DPFFLAOF@?$FLKernelFlirt?$FN?5KdDebuggerEnabled@ 0000000180007700     debughook.obj
 0002:00001730       ??_C@_0DE@LMNEKBDI@?$FLKernelFlirt?$FN?5WARNING?3?5KdDebugg@ 0000000180007730     debughook.obj
 0002:00001770       ??_C@_0EC@GMMNICKG@?$FLKernelFlirt?$FN?5WARNING?3?5KdDebugg@ 0000000180007770     debughook.obj
 0002:000017b8       ??_C@_0CO@ICJCKJBD@?$FLKernelFlirt?$FN?5KdDebuggerNotPres@ 00000001800077b8     debughook.obj
 0002:000017e8       ??_C@_0DH@DHIANIKN@?$FLKernelFlirt?$FN?5WARNING?3?5KdDebugg@ 00000001800077e8     debughook.obj
 0002:00001820       ??_C@_0BD@CIIBAAAK@KdTrap?5AFTER?5patch@ 0000000180007820     debughook.obj
 0002:00001838       ??_C@_0DJ@MKDLKLNO@?$FLKernelFlirt?$FN?5VERIFY?3?5KdDebugge@ 0000000180007838     debughook.obj
 0002:00001878       ??_C@_0DM@JNNGOEFG@?$FLKernelFlirt?$FN?5VERIFY?3?5KdDebugge@ 0000000180007878     debughook.obj
 0002:000018b8       ??_C@_0DO@IJLINFEA@?$FLKernelFlirt?$FN?5VERIFY?3?5KdpDebugR@ 00000001800078b8     debughook.obj
 0002:000018f8       ??_C@_0DB@FJNBILIE@?$FLKernelFlirt?$FN?5?$DN?$DN?$DN?5InstallDebugH@ 00000001800078f8     debughook.obj
 0002:00001930       ??_C@_0DA@EJNKKGNI@?$FLKernelFlirt?$FN?5KdDebuggerEnabled@ 0000000180007930     debughook.obj
 0002:00001960       ??_C@_0DD@GGDEELAA@?$FLKernelFlirt?$FN?5KdDebuggerNotPres@ 0000000180007960     debughook.obj
 0002:00001998       ??_C@_0CG@MFKLHDOJ@?$FLKernelFlirt?$FN?5KdpTrap?5entry?5res@ 0000000180007998     debughook.obj
 0002:000019c0       ??_C@_0DA@FOPFFBKP@?$FLKernelFlirt?$FN?5CALL?5displacement@ 00000001800079c0     debughook.obj
 0002:000019f0       ??_C@_0CC@GNNJOJNF@?$FLKernelFlirt?$FN?5Debug?5hook?5remove@ 00000001800079f0     debughook.obj
 0002:00001a18       ??_C@_0BP@CKMMDCJN@?$FLKernelFlirt?$FN?5Target?5PID?5?$DN?5?$CFu?6@ 0000000180007a18     debughook.obj
 0002:00001a38       ??_C@_0CC@FELHDMIC@?$FLKernelFlirt?$FN?5Continue?5?$CImode?$DN?$CFu@ 0000000180007a38     debughook.obj
 0002:00001ae4       __volatile_metadata        0000000180007ae4     <linker-defined>
 0003:00000040       __isa_info                 0000000180009040     ntoskrnl:cpuinfo.obj
 0003:00000080       g_DeviceObject             0000000180009080     main.obj
 0005:00000000       __IMPORT_DESCRIPTOR_ntoskrnl 000000018000e000     ntoskrnl:ntoskrnl.exe
 0005:00000014       __NULL_IMPORT_DESCRIPTOR   000000018000e014     ntoskrnl:ntoskrnl.exe

 entry point at        0001:00000000

 Static symbols

 0000:ffff1000       .debug$S                   0000000180000000     ntoskrnl:ntoskrnl.exe
 0000:ffff1000       .debug$S                   0000000180000000     ntoskrnl:ntoskrnl.exe
 0000:ffff1000       .debug$S                   0000000180000000     ntoskrnl:ntoskrnl.exe
 0000:ffff1000       .debug$S                   0000000180000000     ntoskrnl:ntoskrnl.exe
 0000:ffff1000       .debug$S                   0000000180000000     ntoskrnl:ntoskrnl.exe
 0000:ffff1000       .debug$S                   0000000180000000     ntoskrnl:ntoskrnl.exe
 0000:ffff1000       .debug$S                   0000000180000000     ntoskrnl:ntoskrnl.exe
 0000:ffff1000       .debug$S                   0000000180000000     ntoskrnl:ntoskrnl.exe
 0000:ffff1000       .debug$S                   0000000180000000     ntoskrnl:ntoskrnl.exe
 0000:ffff1000       .debug$S                   0000000180000000     ntoskrnl:ntoskrnl.exe
 0000:ffff1000       .debug$S                   0000000180000000     ntoskrnl:ntoskrnl.exe
 0000:ffff1000       .debug$S                   0000000180000000     ntoskrnl:ntoskrnl.exe
 0000:ffff1000       .debug$S                   0000000180000000     ntoskrnl:ntoskrnl.exe
 0000:ffff1000       .debug$S                   0000000180000000     ntoskrnl:ntoskrnl.exe
 0000:ffff1000       .debug$S                   0000000180000000     ntoskrnl:ntoskrnl.exe
 0000:ffff1000       .debug$S                   0000000180000000     ntoskrnl:ntoskrnl.exe
 0000:ffff1000       .debug$S                   0000000180000000     ntoskrnl:ntoskrnl.exe
 0000:ffff1000       .debug$S                   0000000180000000     ntoskrnl:ntoskrnl.exe
 0000:ffff1000       .debug$S                   0000000180000000     ntoskrnl:ntoskrnl.exe
 0000:ffff1000       .debug$S                   0000000180000000     ntoskrnl:ntoskrnl.exe
 0000:ffff1000       .debug$S                   0000000180000000     ntoskrnl:ntoskrnl.exe
 0000:ffff1000       .debug$S                   0000000180000000     ntoskrnl:ntoskrnl.exe
 0000:ffff1000       .debug$S                   0000000180000000     ntoskrnl:ntoskrnl.exe
 0000:ffff1000       .debug$S                   0000000180000000     ntoskrnl:ntoskrnl.exe
 0000:ffff1000       .debug$S                   0000000180000000     ntoskrnl:ntoskrnl.exe
 0000:ffff1000       .debug$S                   0000000180000000     ntoskrnl:ntoskrnl.exe
 0000:ffff1000       .debug$S                   0000000180000000     ntoskrnl:ntoskrnl.exe
 0000:ffff1000       .debug$S                   0000000180000000     ntoskrnl:ntoskrnl.exe
 0000:ffff1000       .debug$S                   0000000180000000     ntoskrnl:ntoskrnl.exe
 0000:ffff1000       .debug$S                   0000000180000000     ntoskrnl:ntoskrnl.exe
 0000:ffff1000       .debug$S                   0000000180000000     ntoskrnl:ntoskrnl.exe
 0000:ffff1000       .debug$S                   0000000180000000     ntoskrnl:ntoskrnl.exe
 0000:ffff1000       .debug$S                   0000000180000000     ntoskrnl:ntoskrnl.exe
 0000:ffff1000       .debug$S                   0000000180000000     ntoskrnl:ntoskrnl.exe
 0000:ffff1000       .debug$S                   0000000180000000     ntoskrnl:ntoskrnl.exe
 0000:ffff1000       .debug$S                   0000000180000000     ntoskrnl:ntoskrnl.exe
 0000:ffff1000       .debug$S                   0000000180000000     ntoskrnl:ntoskrnl.exe
 0000:ffff1000       .debug$S                   0000000180000000     ntoskrnl:ntoskrnl.exe
 0000:ffff1000       .debug$S                   0000000180000000     ntoskrnl:ntoskrnl.exe
 0000:ffff1000       .debug$S                   0000000180000000     ntoskrnl:ntoskrnl.exe
 0000:ffff1000       .debug$S                   0000000180000000     ntoskrnl:ntoskrnl.exe
 0000:ffff1000       .debug$S                   0000000180000000     ntoskrnl:ntoskrnl.exe
 0000:ffff1000       .debug$S                   0000000180000000     ntoskrnl:ntoskrnl.exe
 0000:ffff1000       .debug$S                   0000000180000000     ntoskrnl:ntoskrnl.exe
 0000:ffff1000       .debug$S                   0000000180000000     ntoskrnl:ntoskrnl.exe
 0000:ffff1000       .debug$S                   0000000180000000     ntoskrnl:ntoskrnl.exe
 0001:00000948       $LN88                      0000000180001948     ioctl.obj
 0001:00000980       $LN87                      0000000180001980     ioctl.obj
 0001:00000a60       KfSafeKernelRead           0000000180001a60 f   memory.obj
 0001:00000de0       KfWriteProcessMemory       0000000180001de0 f   breakpoint.obj
 0001:00000fc0       KfWriteKernelByte          0000000180001fc0 f   breakpoint.obj
 0001:000010f0       KfReadKernelByte           00000001800020f0 f   breakpoint.obj
 0001:00001140       KfSetSwBreakpoint          0000000180002140 f   breakpoint.obj
 0001:000014a0       KfSetHwBreakpoint          00000001800024a0 f   breakpoint.obj
 0001:000017b0       KfSetMemoryBreakpoint      00000001800027b0 f   breakpoint.obj
 0001:00001a00       KfRemoveMemoryBreakpoint   0000000180002a00 f   breakpoint.obj
 0001:000028f0       KfResolveSuspendApis       00000001800038f0 f   threads.obj
 0001:00002b70       KfWriteByteInContext       0000000180003b70 f   debughook.obj
 0001:00002cb0       KfPatchBytes               0000000180003cb0 f   debughook.obj
 0001:00002ee0       KfPatternScanKdTrap        0000000180003ee0 f   debughook.obj
 0001:00003190       KfCompleteWaitIrp          0000000180004190 f   debughook.obj
 0001:00003230       KfReportAndBlock           0000000180004230 f   debughook.obj
 0001:000035d0       KfDebugHandler             00000001800045d0 f   debughook.obj
 0001:000039f0       KfCancelWaitIrp            00000001800049f0 f   debughook.obj
 0001:00003a60       KfDumpBytes                0000000180004a60 f   debughook.obj
 0001:00004580       $$000000                   0000000180005580     ntoskrnl:memcpy.obj
 0001:000045a0       mcpy00                     00000001800055a0     ntoskrnl:memcpy.obj
 0001:000045c0       mcpy10                     00000001800055c0     ntoskrnl:memcpy.obj
 0001:000045da       mcpy20                     00000001800055da     ntoskrnl:memcpy.obj
 0001:000045e0       mcpy30                     00000001800055e0     ntoskrnl:memcpy.obj
 0001:00004600       xcpy00                     0000000180005600     ntoskrnl:memcpy.obj
 0001:00004631       xcpy10                     0000000180005631     ntoskrnl:memcpy.obj
 0001:00004680       xcpy13                     0000000180005680     ntoskrnl:memcpy.obj
 0001:000046af       xcpy15                     00000001800056af     ntoskrnl:memcpy.obj
 0001:000046d1       xcpy20                     00000001800056d1     ntoskrnl:memcpy.obj
 0001:000046e5       xcpy30                     00000001800056e5     ntoskrnl:memcpy.obj
 0001:00004700       lcpy00                     0000000180005700     ntoskrnl:memcpy.obj
 0001:00004740       lcpy10                     0000000180005740     ntoskrnl:memcpy.obj
 0001:00004780       xmov00                     0000000180005780     ntoskrnl:memcpy.obj
 0001:000047ad       xmov10                     00000001800057ad     ntoskrnl:memcpy.obj
 0001:000047c0       xmov13                     00000001800057c0     ntoskrnl:memcpy.obj
 0001:000047ef       xmov15                     00000001800057ef     ntoskrnl:memcpy.obj
 0001:00004811       xmov20                     0000000180005811     ntoskrnl:memcpy.obj
 0001:00004826       xmov30                     0000000180005826     ntoskrnl:memcpy.obj
 0001:00004840       $$000000                   0000000180005840     ntoskrnl:memset.obj
 0001:00004862       mset10                     0000000180005862     ntoskrnl:memset.obj
 0001:00004878       mset20                     0000000180005878     ntoskrnl:memset.obj
 0001:000048a1       mset30                     00000001800058a1     ntoskrnl:memset.obj
 0001:000048d0       mset45                     00000001800058d0     ntoskrnl:memset.obj
 0001:000048d6       mset46                     00000001800058d6     ntoskrnl:memset.obj
 0001:00004900       mset47                     0000000180005900     ntoskrnl:memset.obj
 0001:00004930       mset48                     0000000180005930     ntoskrnl:memset.obj
 0001:00004946       mset50                     0000000180005946     ntoskrnl:memset.obj
 0001:00004980       $$000000                   0000000180005980     ntoskrnl:memset.obj
 0001:0000498a       repmovs10                  000000018000598a     ntoskrnl:memset.obj
 0001:000049bc       repmovs20                  00000001800059bc     ntoskrnl:memset.obj
 0001:00004a00       $$000000                   0000000180005a00     ntoskrnl:memset.obj
 0002:00001a60       ?suffix@?1??KfPatternScanKdTrap@@9@9 0000000180007a60     debughook.obj
 0002:00001a70       ?prefix@?1??KfPatternScanKdTrap@@9@9 0000000180007a70     debughook.obj
 0002:00001cc0       $unwind$DriverEntry        0000000180007cc0     main.obj
 0002:00001ccc       $unwind$KfUnload           0000000180007ccc     main.obj
 0002:00001cd4       $unwind$KfRemoveDebugHook  0000000180007cd4     debughook.obj
 0002:00001cd4       $unwind$KfCreateClose      0000000180007cd4     main.obj
 0002:00001cdc       $unwind$KfDispatchIoctl    0000000180007cdc     ioctl.obj
 0002:00001cec       $chain$2$KfDispatchIoctl   0000000180007cec     ioctl.obj
 0002:00001d08       $chain$3$KfDispatchIoctl   0000000180007d08     ioctl.obj
 0002:00001d1c       $chain$4$KfDispatchIoctl   0000000180007d1c     ioctl.obj
 0002:00001d2c       $chain$5$KfDispatchIoctl   0000000180007d2c     ioctl.obj
 0002:00001d3c       $unwind$KfSafeKernelRead   0000000180007d3c     memory.obj
 0002:00001d68       $unwind$KfReadMemory       0000000180007d68     memory.obj
 0002:00001d90       $unwind$KfWriteMemory      0000000180007d90     memory.obj
 0002:00001db8       $unwind$KfWriteProcessMemory 0000000180007db8     breakpoint.obj
 0002:00001df4       $unwind$KfWriteKernelByte  0000000180007df4     breakpoint.obj
 0002:00001e30       $unwind$KfReadKernelByte   0000000180007e30     breakpoint.obj
 0002:00001e54       $unwind$KfSetSwBreakpoint  0000000180007e54     breakpoint.obj
 0002:00001e80       $unwind$KfSetHwBreakpoint  0000000180007e80     breakpoint.obj
 0002:00001eac       $unwind$KfSetMemoryBreakpoint 0000000180007eac     breakpoint.obj
 0002:00001ec0       $unwind$KfRemoveMemoryBreakpoint 0000000180007ec0     breakpoint.obj
 0002:00001ecc       $chain$0$KfRemoveMemoryBreakpoint 0000000180007ecc     breakpoint.obj
 0002:00001ee0       $chain$1$KfRemoveMemoryBreakpoint 0000000180007ee0     breakpoint.obj
 0002:00001ef0       $unwind$KfRemoveBreakpoint 0000000180007ef0     breakpoint.obj
 0002:00001f1c       $unwind$KfRemoveAllBreakpoints 0000000180007f1c     breakpoint.obj
 0002:00001f48       $unwind$KfSingleStep       0000000180007f48     singlestep.obj
 0002:00001f70       $unwind$KfReadRegisters    0000000180007f70     registers.obj
 0002:00001f98       $unwind$KfWriteRegisters   0000000180007f98     registers.obj
 0002:00001fc0       $unwind$KfEnumModules      0000000180007fc0     modules.obj
 0002:00001fec       $unwind$KfEnumThreads      0000000180007fec     threads.obj
 0002:00002018       $unwind$KfResolveSuspendApis 0000000180008018     threads.obj
 0002:00002020       $unwind$KfEnumProcesses    0000000180008020     process.obj
 0002:0000204c       $unwind$KfWriteByteInContext 000000018000804c     debughook.obj
 0002:00002088       $unwind$KfPatchBytes       0000000180008088     debughook.obj
 0002:000020b8       $unwind$KfPatternScanKdTrap 00000001800080b8     debughook.obj
 0002:000020c0       $chain$0$KfPatternScanKdTrap 00000001800080c0     debughook.obj
 0002:000020d4       $chain$2$KfPatternScanKdTrap 00000001800080d4     debughook.obj
 0002:000020e8       $chain$10$KfPatternScanKdTrap 00000001800080e8     debughook.obj
 0002:00002114       $chain$12$KfPatternScanKdTrap 0000000180008114     debughook.obj
 0002:00002140       $unwind$KfReportAndBlock   0000000180008140     debughook.obj
 0002:00002154       $unwind$KfDebugHandler     0000000180008154     debughook.obj
 0002:00002170       $unwind$KfCancelWaitIrp    0000000180008170     debughook.obj
 0002:00002178       $unwind$KfDumpBytes        0000000180008178     debughook.obj
 0002:00002184       $chain$2$KfDumpBytes       0000000180008184     debughook.obj
 0002:000021a0       $chain$3$KfDumpBytes       00000001800081a0     debughook.obj
 0002:000021b0       $unwind$KfInstallDebugHook 00000001800081b0     debughook.obj
 0002:000021b8       $chain$2$KfInstallDebugHook 00000001800081b8     debughook.obj
 0002:000021d4       $chain$7$KfInstallDebugHook 00000001800081d4     debughook.obj
 0002:000021f8       $chain$8$KfInstallDebugHook 00000001800081f8     debughook.obj
 0002:00002208       $chain$10$KfInstallDebugHook 0000000180008208     debughook.obj
 0002:00002238       $chain$11$KfInstallDebugHook 0000000180008238     debughook.obj
 0002:00002254       $chain$0$KfRemoveDebugHook 0000000180008254     debughook.obj
 0002:00002268       $chain$1$KfRemoveDebugHook 0000000180008268     debughook.obj
 0002:00002278       $xdatasym$memcpy           0000000180008278     ntoskrnl:memcpy.obj
 0002:00002278       $xdatasym$memset           0000000180008278     ntoskrnl:memset.obj
 0002:00002280       $xdatasym$__memset_repmovs 0000000180008280     ntoskrnl:memset.obj
 0002:00002290       $xdatasym$__memset_query   0000000180008290     ntoskrnl:memset.obj
 0002:000022a4       $unwind$__cpu_features_init 00000001800082a4     ntoskrnl:cpuinfo.obj
 0003:00000000       g_NextHandle               0000000180009000     breakpoint.obj
 0003:00000004       g_StepPastAutoRun          0000000180009004     debughook.obj
 0003:00000005       g_OrigKdDebuggerNotPresent 0000000180009005     debughook.obj
 0003:00000088       g_BpInitialized            0000000180009088     breakpoint.obj
 0003:00000089       g_SuspendResolved          0000000180009089     threads.obj
 0003:0000008a       g_HookInstalled            000000018000908a     debughook.obj
 0003:0000008b       g_EventPending             000000018000908b     debughook.obj
 0003:0000008c       g_StepPastPending          000000018000908c     debughook.obj
 0003:0000008d       g_UsedInlineHook           000000018000908d     debughook.obj
 0003:0000008e       g_ThreadBlocked            000000018000908e     debughook.obj
 0003:0000008f       g_OrigKdDebuggerEnabled    000000018000908f     debughook.obj
 0003:00000090       g_BpLock                   0000000180009090     breakpoint.obj
 0003:00000098       g_OrigCallDisp             0000000180009098     debughook.obj
 0003:0000009c       g_TargetPid                000000018000909c     debughook.obj
 0003:000000a0       g_Breakpoints              00000001800090a0     breakpoint.obj
 0003:000038a0       g_pfnSuspend               000000018000c8a0     threads.obj
 0003:000038a8       g_pfnResume                000000018000c8a8     threads.obj
 0003:000038b0       g_StepPastAddr             000000018000c8b0     debughook.obj
 0003:000038b8       g_CallSite                 000000018000c8b8     debughook.obj
 0003:000038c0       g_WaitIrp                  000000018000c8c0     debughook.obj
 0003:000038c8       g_pKdpDebugRoutineSelect   000000018000c8c8     debughook.obj
 0003:000038d0       g_Transparent              000000018000c8d0     debughook.obj
 0003:00003a50       g_DbgLock                  000000018000ca50     debughook.obj
 0003:00003a58       g_KdpTrap                  000000018000ca58     debughook.obj
 0003:00003a60       g_KdTrap                   000000018000ca60     debughook.obj
 0003:00003a68       g_ContinueEvent            000000018000ca68     debughook.obj
 0003:00003a80       g_DebugEvent               000000018000ca80     debughook.obj
 0003:00003b64       g_OrigSelectValue          000000018000cb64     debughook.obj
 0003:00003b68       g_OrigEntryBytes           000000018000cb68     debughook.obj
 0003:00003b78       g_pKdDebuggerEnabled       000000018000cb78     debughook.obj
 0003:00003b80       g_pKdDebuggerNotPresent    000000018000cb80     debughook.obj
 0003:00003b88       g_ContinueMode             000000018000cb88     debughook.obj
 0003:00003b90       g_Trampoline               000000018000cb90     debughook.obj
 0005:0000058c       .idata$6                   000000018000e58c     ntoskrnl:ntoskrnl.exe
